Archive member included to satisfy reference by file (symbol)

C:/devkitPro/vj1214/Proyectos/Jueguito/nflib/lib\libnflib.a(nf_2d.o)
                              main.o (NF_Set2D)
C:/devkitPro/vj1214/Proyectos/Jueguito/nflib/lib\libnflib.a(nf_basic.o)
                              C:/devkitPro/vj1214/Proyectos/Jueguito/nflib/lib\libnflib.a(nf_2d.o) (NF_Error)
C:/devkitPro/vj1214/Proyectos/Jueguito/nflib/lib\libnflib.a(nf_sound.o)
                              main.o (NF_InitRawSoundBuffers)
C:/devkitPro/vj1214/Proyectos/Jueguito/nflib/lib\libnflib.a(nf_sprite256.o)
                              main.o (NF_InitSpriteBuffers)
C:/devkitPro/vj1214/Proyectos/Jueguito/nflib/lib\libnflib.a(nf_text.o)
                              main.o (NF_InitTextSys)
C:/devkitPro/vj1214/Proyectos/Jueguito/nflib/lib\libnflib.a(nf_tiledbg.o)
                              main.o (NF_InitTiledBgBuffers)
C:/devkitPro/libnds/lib\libfilesystem.a(nitrofs.o)
                              C:/devkitPro/vj1214/Proyectos/Jueguito/nflib/lib\libnflib.a(nf_basic.o) (nitroFSInit)
C:/devkitPro/libnds/lib\libfat.a(libfat.o)
                              C:/devkitPro/vj1214/Proyectos/Jueguito/nflib/lib\libnflib.a(nf_basic.o) (fatInitDefault)
C:/devkitPro/libnds/lib\libfat.a(disc.o)
                              C:/devkitPro/libnds/lib\libfat.a(libfat.o) (_FAT_disc_interfaces)
C:/devkitPro/libnds/lib\libfat.a(fatfile.o)
                              C:/devkitPro/libnds/lib\libfat.a(libfat.o) (_FAT_open_r)
C:/devkitPro/libnds/lib\libfat.a(cache.o)
                              C:/devkitPro/libnds/lib\libfat.a(fatfile.o) (_FAT_cache_readSectors)
C:/devkitPro/libnds/lib\libfat.a(fatdir.o)
                              C:/devkitPro/libnds/lib\libfat.a(libfat.o) (_FAT_stat_r)
C:/devkitPro/libnds/lib\libfat.a(directory.o)
                              C:/devkitPro/libnds/lib\libfat.a(fatfile.o) (_FAT_directory_entryGetCluster)
C:/devkitPro/libnds/lib\libfat.a(partition.o)
                              C:/devkitPro/libnds/lib\libfat.a(libfat.o) (_FAT_partition_destructor)
C:/devkitPro/libnds/lib\libfat.a(lock.o)
                              C:/devkitPro/libnds/lib\libfat.a(partition.o) (_FAT_lock_init)
C:/devkitPro/libnds/lib\libfat.a(filetime.o)
                              C:/devkitPro/libnds/lib\libfat.a(fatfile.o) (_FAT_filetime_getTimeFromRTC)
C:/devkitPro/libnds/lib\libfat.a(file_allocation_table.o)
                              C:/devkitPro/libnds/lib\libfat.a(fatfile.o) (_FAT_fat_nextCluster)
C:/devkitPro/libnds/lib\libnds9.a(video.o)
                              C:/devkitPro/vj1214/Proyectos/Jueguito/nflib/lib\libnflib.a(nf_basic.o) (setBrightness)
C:/devkitPro/libnds/lib\libnds9.a(console.o)
                              C:/devkitPro/vj1214/Proyectos/Jueguito/nflib/lib\libnflib.a(nf_basic.o) (consoleDemoInit)
C:/devkitPro/libnds/lib\libnds9.a(sprite.o)
                              C:/devkitPro/vj1214/Proyectos/Jueguito/nflib/lib\libnflib.a(nf_sprite256.o) (oamInit)
C:/devkitPro/libnds/lib\libnds9.a(sound.o)
                              main.o (soundEnable)
C:/devkitPro/libnds/lib\libnds9.a(keys.o)
                              main.o (scanKeys)
C:/devkitPro/libnds/lib\libnds9.a(dldi.o)
                              C:/devkitPro/libnds/lib\libfat.a(disc.o) (dldiGetInternal)
C:/devkitPro/libnds/lib\libnds9.a(initSystem.o)
                              c:/devkitpro/devkitarm/bin/../lib/gcc/arm-none-eabi/10.2.0/../../../../arm-none-eabi/lib/thumb/ds_arm9_crt0.o (initSystem)
C:/devkitPro/libnds/lib\libnds9.a(timeSupport.o)
                              C:/devkitPro/libnds/lib\libnds9.a(initSystem.o) (__libnds_gtod)
C:/devkitPro/libnds/lib\libnds9.a(securearea.o)
                              c:/devkitpro/devkitarm/bin/../lib/gcc/arm-none-eabi/10.2.0/../../../../arm-none-eabi/lib/thumb/ds_arm9_crt0.o (__secure_area__)
C:/devkitPro/libnds/lib\libnds9.a(interrupts.o)
                              main.o (irqSet)
C:/devkitPro/libnds/lib\libnds9.a(libnds_exit.arm.o)
                              c:/devkitpro/devkitarm/bin/../lib/gcc/arm-none-eabi/10.2.0/../../../../arm-none-eabi/lib/thumb/ds_arm9_crt0.o (__libnds_exit)
C:/devkitPro/libnds/lib\libnds9.a(card.o)
                              C:/devkitPro/libnds/lib\libfilesystem.a(nitrofs.o) (cardParamCommand)
C:/devkitPro/libnds/lib\libnds9.a(fifosystem.o)
                              C:/devkitPro/libnds/lib\libnds9.a(initSystem.o) (fifoSetValue32Handler)
C:/devkitPro/libnds/lib\libnds9.a(dcache.o)
                              C:/devkitPro/vj1214/Proyectos/Jueguito/nflib/lib\libnflib.a(nf_basic.o) (DC_FlushRange)
C:/devkitPro/libnds/lib\libnds9.a(dldi_stub.o)
                              C:/devkitPro/libnds/lib\libnds9.a(dldi.o) (_io_dldi_stub)
C:/devkitPro/libnds/lib\libnds9.a(mpu_setup.o)
                              c:/devkitpro/devkitarm/bin/../lib/gcc/arm-none-eabi/10.2.0/../../../../arm-none-eabi/lib/thumb/ds_arm9_crt0.o (__libnds_mpu_setup)
C:/devkitPro/libnds/lib\libnds9.a(IntrWait.o)
[...]
Memory Configuration

Name             Origin             Length             Attributes
ewram            0x0000000002000000 0x0000000000380000
dtcm             0x0000000002ff0000 0x0000000000004000
vectors          0x0000000001000000 0x0000000000000100
itcm             0x0000000001000100 0x0000000000007f00
*default*        0x0000000000000000 0xffffffffffffffff

Linker script and memory map

                0x0000000002380000                __ewram_end = (ORIGIN (ewram) + LENGTH (ewram))
                0x0000000002380000                __eheap_end = (ORIGIN (ewram) + LENGTH (ewram))
                0x0000000002ff4000                __dtcm_top = (ORIGIN (dtcm) + LENGTH (dtcm))
                0x0000000002ff3ff8                __irq_flags = (__dtcm_top - 0x8)
                0x0000000002ff3ffc                __irq_vector = (__dtcm_top - 0x4)
                0x0000000002ff3f00                __sp_svc = (__dtcm_top - 0x100)
                0x0000000002ff3e00                __sp_irq = (__sp_svc - 0x100)
                0x0000000002ff3d00                __sp_usr = (__sp_irq - 0x100)

.secure         0x0000000002000000      0x800
 *(.secure)
 .secure        0x0000000002000000      0x800 C:/devkitPro/libnds/lib\libnds9.a(securearea.o)
                0x0000000002000000                __secure_area__

.crt0           0x0000000002000800      0x300
                0x0000000002000800                __text_start = .
 *(.crt0)
 .crt0          0x0000000002000800      0x300 c:/devkitpro/devkitarm/bin/../lib/gcc/arm-none-eabi/10.2.0/../../../../arm-none-eabi/lib/thumb/ds_arm9_crt0.o
                0x0000000002000800                _start
                0x0000000002000b00                . = ALIGN (0x4)

.plt
 *(.plt)

.init           0x0000000002000b00        0xc
 *(SORT_NONE(.init))
 .init          0x0000000002000b00        0x4 c:/devkitpro/devkitarm/bin/../lib/gcc/arm-none-eabi/10.2.0/thumb/crti.o
                0x0000000002000b00                _init
 .init          0x0000000002000b04        0x8 c:/devkitpro/devkitarm/bin/../lib/gcc/arm-none-eabi/10.2.0/thumb/crtn.o

.text           0x0000000002000b40    0x1fff0
 *(EXCLUDE_FILE(*.twl* *.vectors* *.itcm*) .text)
 .text          0x0000000002000b40     0x1778 main.o
                0x0000000002000b40                Contador
                0x0000000002000b5c                MovimientoEnemigos
                0x0000000002000c2c                FueraInicio
                0x0000000002000c88                GeneradorEnemigos
                0x0000000002000e84                PantallaInicio
                0x0000000002000fa0                Compra
                0x000000000200108c                Tienda
                0x0000000002001350                ConfigurarInterrupciones
                0x00000000020013ec                MoverZorro
                0x000000000200151c                Colisiones
                0x0000000002001930                ActualizarStatsInferior
                0x0000000002001a48                CargarJuego
                0x0000000002001c78                MenuPrincipal
                0x0000000002001fa4                RealizarAnimación
                0x0000000002002028                FinDePartida
                0x0000000002002270                InicializarVariablesGlobales
 .text          0x00000000020022b8      0x830 C:/devkitPro/vj1214/Proyectos/Jueguito/nflib/lib\libnflib.a(nf_2d.o)
                0x00000000020022b8                NF_Set2D
                0x000000000200231c                NF_ShowBg
                0x000000000200239c                NF_HideBg
                0x0000000002002438                NF_ScrollBg
                0x0000000002002794                NF_MoveSprite
                0x00000000020027b4                NF_SpriteLayer
                0x00000000020027d0                NF_ShowSprite
                0x00000000020027f0                NF_HflipSprite
                0x000000000200280c                NF_GetSpriteHflip
                0x0000000002002828                NF_VflipSprite
                0x0000000002002844                NF_GetSpriteVflip
                0x0000000002002860                NF_SpriteFrame
                0x0000000002002930                NF_EnableSpriteRotScale
                0x00000000020029d0                NF_DisableSpriteRotScale
                0x0000000002002a44                NF_SpriteRotScale
 .text          0x0000000002002ae8      0x498 C:/devkitPro/vj1214/Proyectos/Jueguito/nflib/lib\libnflib.a(nf_basic.o)
                0x0000000002002ae8                NF_Error
                0x0000000002002d94                NF_SetRootFolder
                0x0000000002002eec                NF_DmaMemCopy
                0x0000000002002f70                NF_GetLanguage
 .text          0x0000000002002f80      0x2b0 C:/devkitPro/vj1214/Proyectos/Jueguito/nflib/lib\libnflib.a(nf_sound.o)
                0x0000000002002f80                NF_InitRawSoundBuffers
                0x0000000002002fb4                NF_ResetRawSoundBuffers
                0x0000000002002ff8                NF_LoadRawSound
                0x000000000200312c                NF_UnloadRawSound
                0x000000000200319c                NF_PlayRawSound
 .text          0x0000000002003230     0x1398 C:/devkitPro/vj1214/Proyectos/Jueguito/nflib/lib\libnflib.a(nf_sprite256.o)
                0x0000000002003230                NF_InitSpriteBuffers
                0x000000000200328c                NF_ResetSpriteBuffers
                0x00000000020032c0                NF_InitSpriteSys
                0x00000000020034dc                NF_LoadSpriteGfx
                0x0000000002003604                NF_UnloadSpriteGfx
                0x000000000200367c                NF_LoadSpritePal
                0x0000000002003770                NF_UnloadSpritePal
                0x00000000020037cc                NF_VramSpriteGfx
                0x0000000002003af4                NF_VramSpriteGfxDefrag
                0x0000000002003d18                NF_FreeSpriteGfx
                0x0000000002003e04                NF_VramSpritePal
                0x0000000002003ee8                NF_CreateSprite
                0x0000000002004258                NF_DeleteSprite
                0x00000000020042ec                NF_SpriteOamSet
                0x00000000020043b0                NF_SpriteSetPalColor
                0x0000000002004448                NF_SpriteEditPalColor
                0x00000000020044c4                NF_SpriteUpdatePalette
                0x0000000002004558                NF_SpriteGetPalColor
 .text          0x00000000020045c8      0x830 C:/devkitPro/vj1214/Proyectos/Jueguito/nflib/lib\libnflib.a(nf_text.o)
                0x00000000020045c8                NF_InitTextSys
                0x00000000020045f8                NF_LoadTextFont
                0x000000000200483c                NF_UnloadTextFont
                0x0000000002004844                NF_CreateTextLayer
                0x00000000020048d8                NF_DeleteTextLayer
                0x0000000002004930                NF_WriteText
                0x0000000002004c7c                NF_UpdateTextLayers
                0x0000000002004cd0                NF_ClearTextLayer
                0x0000000002004d38                NF_DefineTextColor
                0x0000000002004ddc                NF_SetTextColor
 .text          0x0000000002004df8     0x191c C:/devkitPro/vj1214/Proyectos/Jueguito/nflib/lib\libnflib.a(nf_tiledbg.o)
                0x0000000002004df8                NF_InitTiledBgBuffers
                0x0000000002004e84                NF_ResetTiledBgBuffers
                0x0000000002004ee0                NF_InitTiledBgSys
                0x0000000002005000                NF_LoadTiledBg
                0x0000000002005278                NF_LoadTilesForBg
                0x00000000020054e4                NF_UnloadTiledBg
                0x0000000002005594                NF_DeleteTiledBg
                0x0000000002005750                NF_CreateTiledBg
                0x0000000002005d2c                NF_GetTileMapAddress
                0x0000000002005de0                NF_GetTileOfMap
                0x0000000002005e18                NF_SetTileOfMap
                0x0000000002005e5c                NF_UpdateVramMap
                0x0000000002005f70                NF_BgSetPalColor
                0x000000000200601c                NF_BgEditPalColor
                0x00000000020060c0                NF_BgUpdatePalette
                0x0000000002006180                NF_BgGetPalColor
                0x0000000002006218                NF_GetTilePal
                0x000000000200624c                NF_SetTilePal
                0x0000000002006290                NF_LoadExBgPal
                0x0000000002006378                NF_UnloadExBgPal
                0x00000000020063c8                NF_VramExBgPal
                0x0000000002006470                NF_SetExBgPal
                0x0000000002006540                NF_SetTileHflip
                0x0000000002006578                NF_SetTileVflip
                0x00000000020065b0                NF_RotateTileGfx
 *fill*         0x0000000002006714       0x2c ff
 .text          0x0000000002006740     0x4000 C:/devkitPro/libnds/lib\libnds9.a(dldi_stub.o)
                0x0000000002006740                _io_dldi_stub
 .text          0x000000000200a740      0x11c c:/devkitpro/devkitarm/bin/../lib/gcc/arm-none-eabi/10.2.0/thumb\libgcc.a(_udivsi3.o)
                0x000000000200a740                __aeabi_uidiv
                0x000000000200a740                __udivsi3
                0x000000000200a83c                __aeabi_uidivmod
 .text          0x000000000200a85c      0x150 c:/devkitpro/devkitarm/bin/../lib/gcc/arm-none-eabi/10.2.0/thumb\libgcc.a(_divsi3.o)
                0x000000000200a85c                __divsi3
                0x000000000200a85c                __aeabi_idiv
                0x000000000200a98c                __aeabi_idivmod
 .text          0x000000000200a9ac        0x4 c:/devkitpro/devkitarm/bin/../lib/gcc/arm-none-eabi/10.2.0/thumb\libgcc.a(_dvmd_tls.o)
                0x000000000200a9ac                __aeabi_idiv0
                0x000000000200a9ac                __aeabi_ldiv0
 .text          0x000000000200a9b0      0x2ac c:/devkitpro/devkitarm/bin/../lib/gcc/arm-none-eabi/10.2.0/thumb\libgcc.a(_arm_addsubsf3.o)
                0x000000000200a9b0                __aeabi_frsub
                0x000000000200a9b8                __subsf3
                0x000000000200a9b8                __aeabi_fsub
                0x000000000200a9bc                __aeabi_fadd
                0x000000000200a9bc                __addsf3
                0x000000000200ab78                __aeabi_ui2f
                0x000000000200ab78                __floatunsisf
                0x000000000200ab80                __aeabi_i2f
                0x000000000200ab80                __floatsisf
                0x000000000200aba0                __aeabi_ul2f
                0x000000000200aba0                __floatundisf
                0x000000000200abb0                __aeabi_l2f
                0x000000000200abb0                __floatdisf
 .text          0x000000000200ac5c      0x114 c:/devkitpro/devkitarm/bin/../lib/gcc/arm-none-eabi/10.2.0/thumb\libgcc.a(_arm_cmpsf2.o)
                0x000000000200ac5c                __gesf2
                0x000000000200ac5c                __gtsf2
                0x000000000200ac64                __lesf2
                0x000000000200ac64                __ltsf2
                0x000000000200ac6c                __nesf2
                0x000000000200ac6c                __eqsf2
                0x000000000200ac6c                __cmpsf2
                0x000000000200acd0                __aeabi_cfrcmple
                0x000000000200ace0                __aeabi_cfcmpeq
                0x000000000200ace0                __aeabi_cfcmple
                0x000000000200acf8                __aeabi_fcmpeq
                0x000000000200ad10                __aeabi_fcmplt
                0x000000000200ad28                __aeabi_fcmple
                0x000000000200ad40                __aeabi_fcmpge
                0x000000000200ad58                __aeabi_fcmpgt
 .text          0x000000000200ad70       0x5c c:/devkitpro/devkitarm/bin/../lib/gcc/arm-none-eabi/10.2.0/thumb\libgcc.a(_arm_fixsfsi.o)
                0x000000000200ad70                __aeabi_f2iz
                0x000000000200ad70                __fixsfsi
 .text          0x000000000200adcc       0xd4 c:/devkitpro/devkitarm/bin/../lib/gcc/arm-none-eabi/10.2.0/thumb\libgcc.a(_aeabi_ldivmod.o)
                0x000000000200adcc                __aeabi_ldivmod
 .text          0x000000000200aea0       0x28 c:/devkitpro/devkitarm/bin/../lib/gcc/arm-none-eabi/10.2.0/thumb\libgcc.a(_clzdi2.o)
                0x000000000200aea0                __clzdi2
 .text          0x000000000200aec8       0x48 c:/devkitpro/devkitarm/bin/../lib/gcc/arm-none-eabi/10.2.0/thumb\libgcc.a(_clzsi2.o)
                0x000000000200aec8                __clzsi2
 .text          0x000000000200af10      0x224 c:/devkitpro/devkitarm/bin/../lib/gcc/arm-none-eabi/10.2.0/../../../../arm-none-eabi/lib/thumb\libg.a(lib_a-strcmp.o)
                0x000000000200af10                strcmp
 .text          0x000000000200b134       0x14 c:/devkitpro/devkitarm/bin/../lib/gcc/arm-none-eabi/10.2.0/thumb\libgcc.a(_thumb1_case_uqi.o)
                0x000000000200b134                __gnu_thumb1_case_uqi
 .text          0x000000000200b148       0x14 c:/devkitpro/devkitarm/bin/../lib/gcc/arm-none-eabi/10.2.0/thumb\libgcc.a(_thumb1_case_uhi.o)
                0x000000000200b148                __gnu_thumb1_case_uhi
 .text          0x000000000200b15c      0x424 c:/devkitpro/devkitarm/bin/../lib/gcc/arm-none-eabi/10.2.0/thumb\libgcc.a(_arm_addsubdf3.o)
                0x000000000200b15c                __aeabi_drsub
                0x000000000200b164                __aeabi_dsub
                0x000000000200b164                __subdf3
                0x000000000200b168                __aeabi_dadd
                0x000000000200b168                __adddf3
                0x000000000200b478                __floatunsidf
                0x000000000200b478                __aeabi_ui2d
                0x000000000200b49c                __floatsidf
                0x000000000200b49c                __aeabi_i2d
                0x000000000200b4c4                __aeabi_f2d
                0x000000000200b4c4                __extendsfdf2
                0x000000000200b50c                __floatundidf
                0x000000000200b50c                __aeabi_ul2d
                0x000000000200b520                __floatdidf
                0x000000000200b520                __aeabi_l2d
 .text          0x000000000200b580      0x49c c:/devkitpro/devkitarm/bin/../lib/gcc/arm-none-eabi/10.2.0/thumb\libgcc.a(_arm_muldivdf3.o)
                0x000000000200b580                __aeabi_dmul
                0x000000000200b580                __muldf3
                0x000000000200b810                __divdf3
                0x000000000200b810                __aeabi_ddiv
 .text          0x000000000200ba1c      0x144 c:/devkitpro/devkitarm/bin/../lib/gcc/arm-none-eabi/10.2.0/thumb\libgcc.a(_arm_cmpdf2.o)
                0x000000000200ba1c                __gtdf2
                0x000000000200ba1c                __gedf2
                0x000000000200ba24                __ltdf2
                0x000000000200ba24                __ledf2
                0x000000000200ba2c                __nedf2
                0x000000000200ba2c                __eqdf2
                0x000000000200ba2c                __cmpdf2
                0x000000000200bab4                __aeabi_cdrcmple
                0x000000000200bad0                __aeabi_cdcmpeq
                0x000000000200bad0                __aeabi_cdcmple
                0x000000000200bae8                __aeabi_dcmpeq
                0x000000000200bb00                __aeabi_dcmplt
                0x000000000200bb18                __aeabi_dcmple
                0x000000000200bb30                __aeabi_dcmpge
                0x000000000200bb48                __aeabi_dcmpgt
 .text          0x000000000200bb60       0x38 c:/devkitpro/devkitarm/bin/../lib/gcc/arm-none-eabi/10.2.0/thumb\libgcc.a(_arm_unorddf2.o)
                0x000000000200bb60                __unorddf2
                0x000000000200bb60                __aeabi_dcmpun
 .text          0x000000000200bb98       0x5c c:/devkitpro/devkitarm/bin/../lib/gcc/arm-none-eabi/10.2.0/thumb\libgcc.a(_arm_fixdfsi.o)
                0x000000000200bb98                __aeabi_d2iz
                0x000000000200bb98                __fixdfsi
 .text          0x000000000200bbf4       0x3c c:/devkitpro/devkitarm/bin/../lib/gcc/arm-none-eabi/10.2.0/thumb\libgcc.a(_aeabi_uldivmod.o)
                0x000000000200bbf4                __aeabi_uldivmod
 *(EXCLUDE_FILE(*.twl* *.vectors* *.itcm*) .stub)
 *(EXCLUDE_FILE(*.twl* *.vectors* *.itcm*) .text.*)
 .text.__do_global_dtors_aux
                0x000000000200bc30       0x2c c:/devkitpro/devkitarm/bin/../lib/gcc/arm-none-eabi/10.2.0/thumb/crtbegin.o
 .text.frame_dummy
                0x000000000200bc5c       0x24 c:/devkitpro/devkitarm/bin/../lib/gcc/arm-none-eabi/10.2.0/thumb/crtbegin.o
 .text.startup  0x000000000200bc80      0x268 main.o
                0x000000000200bc80                main
 .text.nitroFSDirClose
                0x000000000200bee8        0x4 C:/devkitPro/libnds/lib\libfilesystem.a(nitrofs.o)
 .text.nitroFSSeek
                0x000000000200beec       0x78 C:/devkitPro/libnds/lib\libfilesystem.a(nitrofs.o)
 .text.nitroFSFstat
                0x000000000200bf64       0x10 C:/devkitPro/libnds/lib\libfilesystem.a(nitrofs.o)
 .text.nitroSubReadBlock
                0x000000000200bf74       0x54 C:/devkitPro/libnds/lib\libfilesystem.a(nitrofs.o)
 .text.nitroSubReadCard
                0x000000000200bfc8       0xb0 C:/devkitPro/libnds/lib\libfilesystem.a(nitrofs.o)
 .text.nitroFSClose
                0x000000000200c078        0x4 C:/devkitPro/libnds/lib\libfilesystem.a(nitrofs.o)
 .text.nitroDirReset
                0x000000000200c07c       0x9c C:/devkitPro/libnds/lib\libfilesystem.a(nitrofs.o)
 .text.nitroFSRead
                0x000000000200c118       0xbc C:/devkitPro/libnds/lib\libfilesystem.a(nitrofs.o)
 .text.nitroFSDirNext
                0x000000000200c1d4      0x30c C:/devkitPro/libnds/lib\libfilesystem.a(nitrofs.o)
 .text.nitroFSDirOpen
                0x000000000200c4e0       0xe0 C:/devkitPro/libnds/lib\libfilesystem.a(nitrofs.o)
 .text.nitroFSChdir
                0x000000000200c5c0       0x30 C:/devkitPro/libnds/lib\libfilesystem.a(nitrofs.o)
 .text.nitroFSOpen
                0x000000000200c5f0       0xc4 C:/devkitPro/libnds/lib\libfilesystem.a(nitrofs.o)
 .text.nitroFSstat
                0x000000000200c6b4       0x68 C:/devkitPro/libnds/lib\libfilesystem.a(nitrofs.o)
 .text.nitroFSInit
                0x000000000200c71c      0x12c C:/devkitPro/libnds/lib\libfilesystem.a(nitrofs.o)
                0x000000000200c71c                nitroFSInit
 .text.fatMount.part.0
                0x000000000200c848       0xa0 C:/devkitPro/libnds/lib\libfat.a(libfat.o)
 .text.fatMount
                0x000000000200c8e8       0x3c C:/devkitPro/libnds/lib\libfat.a(libfat.o)
                0x000000000200c8e8                fatMount
 .text.fatInit  0x000000000200c924      0x130 C:/devkitPro/libnds/lib\libfat.a(libfat.o)
                0x000000000200c924                fatInit
 .text.fatInitDefault
                0x000000000200ca54        0xc C:/devkitPro/libnds/lib\libfat.a(libfat.o)
                0x000000000200ca54                fatInitDefault
 .text._FAT_check_position_for_next_cluster.part.0
                0x000000000200ca60       0x68 C:/devkitPro/libnds/lib\libfat.a(fatfile.o)
 .text._FAT_syncToDisc.part.0
                0x000000000200cac8       0xd4 C:/devkitPro/libnds/lib\libfat.a(fatfile.o)
 .text._FAT_file_extend_r
                0x000000000200cb9c      0x208 C:/devkitPro/libnds/lib\libfat.a(fatfile.o)
 .text._FAT_open_r
                0x000000000200cda4      0x2d4 C:/devkitPro/libnds/lib\libfat.a(fatfile.o)
                0x000000000200cda4                _FAT_open_r
 .text._FAT_close_r
                0x000000000200d078       0x74 C:/devkitPro/libnds/lib\libfat.a(fatfile.o)
                0x000000000200d078                _FAT_close_r
 .text._FAT_read_r
                0x000000000200d0ec      0x398 C:/devkitPro/libnds/lib\libfat.a(fatfile.o)
                0x000000000200d0ec                _FAT_read_r
 .text._FAT_write_r
                0x000000000200d484      0x53c C:/devkitPro/libnds/lib\libfat.a(fatfile.o)
                0x000000000200d484                _FAT_write_r
 .text._FAT_seek_r
                0x000000000200d9c0      0x194 C:/devkitPro/libnds/lib\libfat.a(fatfile.o)
                0x000000000200d9c0                _FAT_seek_r
 .text._FAT_fstat_r
                0x000000000200db54       0x8c C:/devkitPro/libnds/lib\libfat.a(fatfile.o)
                0x000000000200db54                _FAT_fstat_r
 .text._FAT_ftruncate_r
                0x000000000200dbe0      0x16c C:/devkitPro/libnds/lib\libfat.a(fatfile.o)
                0x000000000200dbe0                _FAT_ftruncate_r
 .text._FAT_fsync_r
                0x000000000200dd4c       0x44 C:/devkitPro/libnds/lib\libfat.a(fatfile.o)
                0x000000000200dd4c                _FAT_fsync_r
 .text._FAT_cache_getPage
                0x000000000200dd90       0xf0 C:/devkitPro/libnds/lib\libfat.a(cache.o)
 .text._FAT_cache_constructor
                0x000000000200de80       0x90 C:/devkitPro/libnds/lib\libfat.a(cache.o)
                0x000000000200de80                _FAT_cache_constructor
 .text._FAT_cache_readSectors
                0x000000000200df10       0x60 C:/devkitPro/libnds/lib\libfat.a(cache.o)
                0x000000000200df10                _FAT_cache_readSectors
 .text._FAT_cache_readPartialSector
                0x000000000200df70       0x3c C:/devkitPro/libnds/lib\libfat.a(cache.o)
                0x000000000200df70                _FAT_cache_readPartialSector
 .text._FAT_cache_readLittleEndianValue
                0x000000000200dfac       0x70 C:/devkitPro/libnds/lib\libfat.a(cache.o)
                0x000000000200dfac                _FAT_cache_readLittleEndianValue
 .text._FAT_cache_writePartialSector
                0x000000000200e01c       0x4c C:/devkitPro/libnds/lib\libfat.a(cache.o)
                0x000000000200e01c                _FAT_cache_writePartialSector
 .text._FAT_cache_writeLittleEndianValue
                0x000000000200e068       0x8c C:/devkitPro/libnds/lib\libfat.a(cache.o)
                0x000000000200e068                _FAT_cache_writeLittleEndianValue
 .text._FAT_cache_eraseWritePartialSector
                0x000000000200e0f4       0x60 C:/devkitPro/libnds/lib\libfat.a(cache.o)
                0x000000000200e0f4                _FAT_cache_eraseWritePartialSector
 .text._FAT_cache_writeSectors
                0x000000000200e154       0x80 C:/devkitPro/libnds/lib\libfat.a(cache.o)
                0x000000000200e154                _FAT_cache_writeSectors
 .text._FAT_cache_flush
                0x000000000200e1d4       0x40 C:/devkitPro/libnds/lib\libfat.a(cache.o)
                0x000000000200e1d4                _FAT_cache_flush
 .text._FAT_stat_r
                0x000000000200e214       0x90 C:/devkitPro/libnds/lib\libfat.a(fatdir.o)
                0x000000000200e214                _FAT_stat_r
 .text._FAT_link_r
                0x000000000200e2a4        0xc C:/devkitPro/libnds/lib\libfat.a(fatdir.o)
                0x000000000200e2a4                _FAT_link_r
 .text._FAT_unlink_r
                0x000000000200e2b0      0x184 C:/devkitPro/libnds/lib\libfat.a(fatdir.o)
                0x000000000200e2b0                _FAT_unlink_r
 .text._FAT_chdir_r
                0x000000000200e434       0x70 C:/devkitPro/libnds/lib\libfat.a(fatdir.o)
                0x000000000200e434                _FAT_chdir_r
 .text._FAT_rename_r
                0x000000000200e4a4      0x1c4 C:/devkitPro/libnds/lib\libfat.a(fatdir.o)
                0x000000000200e4a4                _FAT_rename_r
 .text._FAT_mkdir_r
                0x000000000200e668      0x244 C:/devkitPro/libnds/lib\libfat.a(fatdir.o)
                0x000000000200e668                _FAT_mkdir_r
 .text._FAT_statvfs_r
                0x000000000200e8ac       0x78 C:/devkitPro/libnds/lib\libfat.a(fatdir.o)
                0x000000000200e8ac                _FAT_statvfs_r
 .text._FAT_diropen_r
                0x000000000200e924       0xb0 C:/devkitPro/libnds/lib\libfat.a(fatdir.o)
                0x000000000200e924                _FAT_diropen_r
 .text._FAT_dirreset_r
                0x000000000200e9d4       0x4c C:/devkitPro/libnds/lib\libfat.a(fatdir.o)
                0x000000000200e9d4                _FAT_dirreset_r
 .text._FAT_dirnext_r
                0x000000000200ea20       0x7c C:/devkitPro/libnds/lib\libfat.a(fatdir.o)
                0x000000000200ea20                _FAT_dirnext_r
 .text._FAT_dirclose_r
                0x000000000200ea9c       0x20 C:/devkitPro/libnds/lib\libfat.a(fatdir.o)
                0x000000000200ea9c                _FAT_dirclose_r
 .text._FAT_directory_entryGetAlias
                0x000000000200eabc       0xc8 C:/devkitPro/libnds/lib\libfat.a(directory.o)
 .text._FAT_directory_incrementDirEntryPosition
                0x000000000200eb84       0x80 C:/devkitPro/libnds/lib\libfat.a(directory.o)
 .text._FAT_directory_mbsncasecmp
                0x000000000200ec04       0xa8 C:/devkitPro/libnds/lib\libfat.a(directory.o)
 .text._FAT_directory_ucs2tombs.constprop.0
                0x000000000200ecac       0x90 C:/devkitPro/libnds/lib\libfat.a(directory.o)
 .text._FAT_directory_entryGetCluster
                0x000000000200ed3c       0x20 C:/devkitPro/libnds/lib\libfat.a(directory.o)
                0x000000000200ed3c                _FAT_directory_entryGetCluster
 .text._FAT_directory_getNextEntry
                0x000000000200ed5c      0x23c C:/devkitPro/libnds/lib\libfat.a(directory.o)
                0x000000000200ed5c                _FAT_directory_getNextEntry
 .text._FAT_directory_entryExists
                0x000000000200ef98       0x80 C:/devkitPro/libnds/lib\libfat.a(directory.o)
 .text._FAT_directory_getFirstEntry
                0x000000000200f018       0x20 C:/devkitPro/libnds/lib\libfat.a(directory.o)
                0x000000000200f018                _FAT_directory_getFirstEntry
 .text._FAT_directory_getRootEntry
                0x000000000200f038       0x60 C:/devkitPro/libnds/lib\libfat.a(directory.o)
                0x000000000200f038                _FAT_directory_getRootEntry
 .text._FAT_directory_entryFromPosition
                0x000000000200f098      0x150 C:/devkitPro/libnds/lib\libfat.a(directory.o)
                0x000000000200f098                _FAT_directory_entryFromPosition
 .text._FAT_directory_entryFromPath
                0x000000000200f1e8      0x248 C:/devkitPro/libnds/lib\libfat.a(directory.o)
                0x000000000200f1e8                _FAT_directory_entryFromPath
 .text._FAT_directory_removeEntry
                0x000000000200f430       0xd8 C:/devkitPro/libnds/lib\libfat.a(directory.o)
                0x000000000200f430                _FAT_directory_removeEntry
 .text._FAT_directory_addEntry
                0x000000000200f508      0x808 C:/devkitPro/libnds/lib\libfat.a(directory.o)
                0x000000000200f508                _FAT_directory_addEntry
 .text._FAT_directory_chdir
                0x000000000200fd10       0x3c C:/devkitPro/libnds/lib\libfat.a(directory.o)
                0x000000000200fd10                _FAT_directory_chdir
 .text._FAT_directory_entryStat
                0x000000000200fd4c       0xe4 C:/devkitPro/libnds/lib\libfat.a(directory.o)
                0x000000000200fd4c                _FAT_directory_entryStat
 .text.isValidMBR
                0x000000000200fe30       0x5c C:/devkitPro/libnds/lib\libfat.a(partition.o)
 .text._FAT_updateFS_INFO
                0x000000000200fe8c       0x54 C:/devkitPro/libnds/lib\libfat.a(partition.o)
 .text.FindFirstValidPartition_buf.part.0
                0x000000000200fee0      0x11c C:/devkitPro/libnds/lib\libfat.a(partition.o)
 .text._FAT_partition_getPartitionFromPath
                0x000000000200fffc       0x10 C:/devkitPro/libnds/lib\libfat.a(partition.o)
                0x000000000200fffc                _FAT_partition_getPartitionFromPath
 .text._FAT_partition_createFSinfo
                0x000000000201000c       0x50 C:/devkitPro/libnds/lib\libfat.a(partition.o)
                0x000000000201000c                _FAT_partition_createFSinfo
 .text._FAT_partition_readFSinfo.part.0
                0x000000000201005c       0x74 C:/devkitPro/libnds/lib\libfat.a(partition.o)
 .text._FAT_partition_constructor_buf
                0x00000000020100d0      0x2e8 C:/devkitPro/libnds/lib\libfat.a(partition.o)
                0x00000000020100d0                _FAT_partition_constructor_buf
 .text._FAT_partition_constructor
                0x00000000020103b8       0x40 C:/devkitPro/libnds/lib\libfat.a(partition.o)
                0x00000000020103b8                _FAT_partition_constructor
 .text._FAT_partition_readFSinfo
                0x00000000020103f8       0x10 C:/devkitPro/libnds/lib\libfat.a(partition.o)
                0x00000000020103f8                _FAT_partition_readFSinfo
 .text._FAT_lock_init
                0x0000000002010408        0x4 C:/devkitPro/libnds/lib\libfat.a(lock.o)
                0x0000000002010408                _FAT_lock_init
 .text._FAT_lock
                0x000000000201040c        0x4 C:/devkitPro/libnds/lib\libfat.a(lock.o)
                0x000000000201040c                _FAT_lock
 .text._FAT_unlock
                0x0000000002010410        0x4 C:/devkitPro/libnds/lib\libfat.a(lock.o)
                0x0000000002010410                _FAT_unlock
 .text._FAT_filetime_getTimeFromRTC
                0x0000000002010414       0x44 C:/devkitPro/libnds/lib\libfat.a(filetime.o)
                0x0000000002010414                _FAT_filetime_getTimeFromRTC
 .text._FAT_filetime_getDateFromRTC
                0x0000000002010458       0x44 C:/devkitPro/libnds/lib\libfat.a(filetime.o)
                0x0000000002010458                _FAT_filetime_getDateFromRTC
 .text._FAT_filetime_to_time_t
                0x000000000201049c       0x38 C:/devkitPro/libnds/lib\libfat.a(filetime.o)
                0x000000000201049c                _FAT_filetime_to_time_t
 .text._FAT_fat_writeFatEntry.part.0.isra.0
                0x00000000020104d4      0x12c C:/devkitPro/libnds/lib\libfat.a(file_allocation_table.o)
 .text._FAT_fat_nextCluster
                0x0000000002010600      0x108 C:/devkitPro/libnds/lib\libfat.a(file_allocation_table.o)
                0x0000000002010600                _FAT_fat_nextCluster
 .text._FAT_fat_linkFreeCluster
                0x0000000002010708       0xac C:/devkitPro/libnds/lib\libfat.a(file_allocation_table.o)
                0x0000000002010708                _FAT_fat_linkFreeCluster
 .text._FAT_fat_linkFreeClusterCleared
                0x00000000020107b4       0x68 C:/devkitPro/libnds/lib\libfat.a(file_allocation_table.o)
                0x00000000020107b4                _FAT_fat_linkFreeClusterCleared
 .text._FAT_fat_clearLinks
                0x000000000201081c       0x7c C:/devkitPro/libnds/lib\libfat.a(file_allocation_table.o)
                0x000000000201081c                _FAT_fat_clearLinks
 .text._FAT_fat_trimChain
                0x0000000002010898       0x80 C:/devkitPro/libnds/lib\libfat.a(file_allocation_table.o)
                0x0000000002010898                _FAT_fat_trimChain
 .text._FAT_fat_lastCluster
                0x0000000002010918       0x34 C:/devkitPro/libnds/lib\libfat.a(file_allocation_table.o)
                0x0000000002010918                _FAT_fat_lastCluster
 .text._FAT_fat_freeClusterCount
                0x000000000201094c       0x2c C:/devkitPro/libnds/lib\libfat.a(file_allocation_table.o)
                0x000000000201094c                _FAT_fat_freeClusterCount
 .text.setBrightness
                0x0000000002010978       0x40 C:/devkitPro/libnds/lib\libnds9.a(video.o)
                0x0000000002010978                setBrightness
 .text.vramDefault
                0x00000000020109b8       0xd0 C:/devkitPro/libnds/lib\libnds9.a(video.o)
                0x00000000020109b8                vramDefault
 .text.newRow   0x0000000002010a88       0xb0 C:/devkitPro/libnds/lib\libnds9.a(console.o)
 .text.consolePrintChar
                0x0000000002010b38       0xec C:/devkitPro/libnds/lib\libnds9.a(console.o)
                0x0000000002010b38                consolePrintChar
 .text.con_write
                0x0000000002010c24      0x374 C:/devkitPro/libnds/lib\libnds9.a(console.o)
                0x0000000002010c24                con_write
 .text.consoleLoadFont
                0x0000000002010f98      0x2a8 C:/devkitPro/libnds/lib\libnds9.a(console.o)
                0x0000000002010f98                consoleLoadFont
 .text.consoleInit
                0x0000000002011240      0x194 C:/devkitPro/libnds/lib\libnds9.a(console.o)
                0x0000000002011240                consoleInit
 .text.consoleDemoInit
                0x00000000020113d4       0x40 C:/devkitPro/libnds/lib\libnds9.a(console.o)
                0x00000000020113d4                consoleDemoInit
 .text.consoleClear
                0x0000000002011414       0x10 C:/devkitPro/libnds/lib\libnds9.a(console.o)
                0x0000000002011414                consoleClear
 .text.oamInit  0x0000000002011424      0x118 C:/devkitPro/libnds/lib\libnds9.a(sprite.o)
                0x0000000002011424                oamInit
 .text.oamGfxPtrToOffset
                0x000000000201153c       0x34 C:/devkitPro/libnds/lib\libnds9.a(sprite.o)
                0x000000000201153c                oamGfxPtrToOffset
 .text.oamSet   0x0000000002011570      0x11c C:/devkitPro/libnds/lib\libnds9.a(sprite.o)
                0x0000000002011570                oamSet
 .text.oamUpdate
                0x000000000201168c       0x60 C:/devkitPro/libnds/lib\libnds9.a(sprite.o)
                0x000000000201168c                oamUpdate
 .text.oamRotateScale
                0x00000000020116ec       0x4c C:/devkitPro/libnds/lib\libnds9.a(sprite.o)
                0x00000000020116ec                oamRotateScale
 .text.soundEnable
                0x0000000002011738       0x10 C:/devkitPro/libnds/lib\libnds9.a(sound.o)
                0x0000000002011738                soundEnable
 .text.soundPlaySample
                0x0000000002011748       0x68 C:/devkitPro/libnds/lib\libnds9.a(sound.o)
                0x0000000002011748                soundPlaySample
 .text.scanKeys
                0x00000000020117b0       0x8c C:/devkitPro/libnds/lib\libnds9.a(keys.o)
                0x00000000020117b0                scanKeys
 .text.keysHeld
                0x000000000201183c        0xc C:/devkitPro/libnds/lib\libnds9.a(keys.o)
                0x000000000201183c                keysHeld
 .text.keysDown
                0x0000000002011848       0x14 C:/devkitPro/libnds/lib\libnds9.a(keys.o)
                0x0000000002011848                keysDown
 .text.dldiGetInternal
                0x000000000201185c       0x34 C:/devkitPro/libnds/lib\libnds9.a(dldi.o)
                0x000000000201185c                dldiGetInternal
 .text.get_io_dsisd
                0x0000000002011890       0x24 C:/devkitPro/libnds/lib\libnds9.a(dldi.o)
                0x0000000002011890                get_io_dsisd
 .text.initSystem
                0x00000000020118b4      0x198 C:/devkitPro/libnds/lib\libnds9.a(initSystem.o)
                0x00000000020118b4                initSystem
 .text.__libnds_gtod
                0x0000000002011a4c       0x28 C:/devkitPro/libnds/lib\libnds9.a(timeSupport.o)
                0x0000000002011a4c                __libnds_gtod
 .text.irqDummy
                0x0000000002011a74        0x4 C:/devkitPro/libnds/lib\libnds9.a(interrupts.o)
                0x0000000002011a74                irqDummy
 .text.irqSet   0x0000000002011a78       0x6c C:/devkitPro/libnds/lib\libnds9.a(interrupts.o)
                0x0000000002011a78                irqSet
 .text.irqInit  0x0000000002011ae4       0x50 C:/devkitPro/libnds/lib\libnds9.a(interrupts.o)
                0x0000000002011ae4                irqInit
 .text.irqEnable
                0x0000000002011b34       0x64 C:/devkitPro/libnds/lib\libnds9.a(interrupts.o)
                0x0000000002011b34                irqEnable
 .text.irqDisable
                0x0000000002011b98       0x64 C:/devkitPro/libnds/lib\libnds9.a(interrupts.o)
                0x0000000002011b98                irqDisable
 .text.systemErrorExit
                0x0000000002011bfc        0x4 C:/devkitPro/libnds/lib\libnds9.a(libnds_exit.arm.o)
                0x0000000002011bfc                systemErrorExit
 .text.__libnds_exit
                0x0000000002011c00       0x5c C:/devkitPro/libnds/lib\libnds9.a(libnds_exit.arm.o)
                0x0000000002011c00                __libnds_exit
 .text.cardPolledTransfer
                0x0000000002011c5c       0x54 C:/devkitPro/libnds/lib\libnds9.a(card.o)
                0x0000000002011c5c                cardPolledTransfer
 .text.cardParamCommand
                0x0000000002011cb0       0x34 C:/devkitPro/libnds/lib\libnds9.a(card.o)
                0x0000000002011cb0                cardParamCommand
 .text.fifo_queueBlock
                0x0000000002011ce4       0x44 C:/devkitPro/libnds/lib\libnds9.a(fifosystem.o)
 .text.fifo_waitBlock
                0x0000000002011d28       0x80 C:/devkitPro/libnds/lib\libnds9.a(fifosystem.o)
 .text.fifoInternalSend.part.0
                0x0000000002011da8       0xd4 C:/devkitPro/libnds/lib\libnds9.a(fifosystem.o)
 .text.fifoInternalSendInterrupt
                0x0000000002011e7c       0xa8 C:/devkitPro/libnds/lib\libnds9.a(fifosystem.o)
 .text.fifoSetValue32Handler
                0x0000000002011f24       0xd8 C:/devkitPro/libnds/lib\libnds9.a(fifosystem.o)
                0x0000000002011f24                fifoSetValue32Handler
 .text.fifoSendValue32
                0x0000000002011ffc       0x4c C:/devkitPro/libnds/lib\libnds9.a(fifosystem.o)
                0x0000000002011ffc                fifoSendValue32
 .text.fifoSendDatamsg
                0x0000000002012048       0x90 C:/devkitPro/libnds/lib\libnds9.a(fifosystem.o)
                0x0000000002012048                fifoSendDatamsg
 .text.fifoGetValue32
                0x00000000020120d8       0x70 C:/devkitPro/libnds/lib\libnds9.a(fifosystem.o)
                0x00000000020120d8                fifoGetValue32
 .text.fifoGetDatamsg
                0x0000000002012148       0xf4 C:/devkitPro/libnds/lib\libnds9.a(fifosystem.o)
                0x0000000002012148                fifoGetDatamsg
 .text.fifoInternalRecvInterrupt
                0x000000000201223c      0x380 C:/devkitPro/libnds/lib\libnds9.a(fifosystem.o)
 .text.fifoSetDatamsgHandler
                0x00000000020125bc       0x9c C:/devkitPro/libnds/lib\libnds9.a(fifosystem.o)
                0x00000000020125bc                fifoSetDatamsgHandler
 .text.fifoCheckValue32
                0x0000000002012658       0x24 C:/devkitPro/libnds/lib\libnds9.a(fifosystem.o)
                0x0000000002012658                fifoCheckValue32
 .text.fifoInit
                0x000000000201267c       0xf8 C:/devkitPro/libnds/lib\libnds9.a(fifosystem.o)
                0x000000000201267c                fifoInit
 .text.DC_FlushRange
                0x0000000002012774       0x24 C:/devkitPro/libnds/lib\libnds9.a(dcache.o)
                0x0000000002012774                DC_FlushRange
 .text.DC_InvalidateRange
                0x0000000002012798       0x2c C:/devkitPro/libnds/lib\libnds9.a(dcache.o)
                0x0000000002012798                DC_InvalidateRange
 .text.__libnds_mpu_setup
                0x00000000020127c4      0x174 C:/devkitPro/libnds/lib\libnds9.a(mpu_setup.o)
                0x00000000020127c4                __libnds_mpu_setup
 .text.memUncached
                0x0000000002012938       0x20 C:/devkitPro/libnds/lib\libnds9.a(mpu_setup.o)
                0x0000000002012938                memUncached
 .text.swiWaitForVBlank
                0x0000000002012958        0x8 C:/devkitPro/libnds/lib\libnds9.a(IntrWait.o)
                0x0000000002012958                swiWaitForVBlank
 .text.swiIntrWait
                0x0000000002012960       0x70 C:/devkitPro/libnds/lib\libnds9.a(IntrWait.o)
                0x0000000002012960                swiIntrWait
 .text.setCpuClock
                0x00000000020129d0       0x50 C:/devkitPro/libnds/lib\libnds9.a(cpu_clock.o)
                0x00000000020129d0                setCpuClock
 .text.swiSoftReset
                0x0000000002012a20       0x2c C:/devkitPro/libnds/lib\libnds9.a(swiSoftReset.o)
                0x0000000002012a20                swiSoftReset
 .text.swiDelay
                0x0000000002012a4c        0x4 C:/devkitPro/libnds/lib\libnds9.a(biosCalls.o)
                0x0000000002012a4c                swiDelay
 .text.checkIfText
                0x0000000002012a50       0x5c C:/devkitPro/libnds/lib\libnds9.a(background.o)
                0x0000000002012a50                checkIfText
 .text.bgUpdate
                0x0000000002012aac       0xf4 C:/devkitPro/libnds/lib\libnds9.a(background.o)
                0x0000000002012aac                bgUpdate
 .text.bgInit_call
                0x0000000002012ba0       0xc4 C:/devkitPro/libnds/lib\libnds9.a(background.o)
                0x0000000002012ba0                bgInit_call
 .text.bgInitSub_call
                0x0000000002012c64       0xcc C:/devkitPro/libnds/lib\libnds9.a(background.o)
                0x0000000002012c64                bgInitSub_call
 .text.oamAllocReset
                0x0000000002012d30       0x1c C:/devkitPro/libnds/lib\libnds9.a(sprite_alloc.o)
                0x0000000002012d30                oamAllocReset
 .text.systemValueHandler
                0x0000000002012d4c       0x48 C:/devkitPro/libnds/lib\libnds9.a(system.o)
                0x0000000002012d4c                systemValueHandler
 .text.systemMsgHandler
                0x0000000002012d94       0x60 C:/devkitPro/libnds/lib\libnds9.a(system.o)
                0x0000000002012d94                systemMsgHandler
 .text.powerOn  0x0000000002012df4       0x2c C:/devkitPro/libnds/lib\libnds9.a(system.o)
                0x0000000002012df4                powerOn
 .text.sinLutLookup
                0x0000000002012e20       0x38 C:/devkitPro/libnds/lib\libnds9.a(trig.o)
                0x0000000002012e20                sinLutLookup
 .text.sinLerp  0x0000000002012e58       0x40 C:/devkitPro/libnds/lib\libnds9.a(trig.o)
                0x0000000002012e58                sinLerp
 .text.cosLerp  0x0000000002012e98       0x4c C:/devkitPro/libnds/lib\libnds9.a(trig.o)
                0x0000000002012e98                cosLerp
 .text.__muldi3
                0x0000000002012ee4       0x54 c:/devkitpro/devkitarm/bin/../lib/gcc/arm-none-eabi/10.2.0/thumb\libgcc.a(_muldi3.o)
                0x0000000002012ee4                __muldi3
                0x0000000002012ee4                __aeabi_lmul
 .text.__udivmoddi4
                0x0000000002012f38      0x19c c:/devkitpro/devkitarm/bin/../lib/gcc/arm-none-eabi/10.2.0/thumb\libgcc.a(_udivmoddi4.o)
                0x0000000002012f38                __udivmoddi4
 .text.calloc   0x00000000020130d4       0x18 c:/devkitpro/devkitarm/bin/../lib/gcc/arm-none-eabi/10.2.0/../../../../arm-none-eabi/lib/thumb\libg.a(lib_a-calloc.o)
                0x00000000020130d4                calloc
 .text._calloc_r
                0x00000000020130ec       0x60 c:/devkitpro/devkitarm/bin/../lib/gcc/arm-none-eabi/10.2.0/../../../../arm-none-eabi/lib/thumb\libg.a(lib_a-callocr.o)
                0x00000000020130ec                _calloc_r
 .text._fclose_r
                0x000000000201314c       0xe8 c:/devkitpro/devkitarm/bin/../lib/gcc/arm-none-eabi/10.2.0/../../../../arm-none-eabi/lib/thumb\libg.a(lib_a-fclose.o)
                0x000000000201314c                _fclose_r
 .text.fclose   0x0000000002013234       0x14 c:/devkitpro/devkitarm/bin/../lib/gcc/arm-none-eabi/10.2.0/../../../../arm-none-eabi/lib/thumb\libg.a(lib_a-fclose.o)
                0x0000000002013234                fclose
 .text.__sflush_r
                0x0000000002013248      0x1c0 c:/devkitpro/devkitarm/bin/../lib/gcc/arm-none-eabi/10.2.0/../../../../arm-none-eabi/lib/thumb\libg.a(lib_a-fflush.o)
                0x0000000002013248                __sflush_r
 .text._fflush_r
                0x0000000002013408       0x70 c:/devkitpro/devkitarm/bin/../lib/gcc/arm-none-eabi/10.2.0/../../../../arm-none-eabi/lib/thumb\libg.a(lib_a-fflush.o)
                0x0000000002013408                _fflush_r
 .text.fflush   0x0000000002013478       0x2c c:/devkitpro/devkitarm/bin/../lib/gcc/arm-none-eabi/10.2.0/../../../../arm-none-eabi/lib/thumb\libg.a(lib_a-fflush.o)
                0x0000000002013478                fflush
 .text._cleanup_r
                0x00000000020134a4       0x14 c:/devkitpro/devkitarm/bin/../lib/gcc/arm-none-eabi/10.2.0/../../../../arm-none-eabi/lib/thumb\libg.a(lib_a-findfp.o)
                0x00000000020134a4                _cleanup_r
 .text.__sinit  0x00000000020134b8      0x124 c:/devkitpro/devkitarm/bin/../lib/gcc/arm-none-eabi/10.2.0/../../../../arm-none-eabi/lib/thumb\libg.a(lib_a-findfp.o)
                0x00000000020134b8                __sinit
 .text.__sfp    0x00000000020135dc       0xdc c:/devkitpro/devkitarm/bin/../lib/gcc/arm-none-eabi/10.2.0/../../../../arm-none-eabi/lib/thumb\libg.a(lib_a-findfp.o)
                0x00000000020135dc                __sfp
 .text.__sfp_lock_acquire
                0x00000000020136b8       0x14 c:/devkitpro/devkitarm/bin/../lib/gcc/arm-none-eabi/10.2.0/../../../../arm-none-eabi/lib/thumb\libg.a(lib_a-findfp.o)
                0x00000000020136b8                __sfp_lock_acquire
 .text.__sfp_lock_release
                0x00000000020136cc       0x14 c:/devkitpro/devkitarm/bin/../lib/gcc/arm-none-eabi/10.2.0/../../../../arm-none-eabi/lib/thumb\libg.a(lib_a-findfp.o)
                0x00000000020136cc                __sfp_lock_release
 .text._fopen_r
                0x00000000020136e0       0xb8 c:/devkitpro/devkitarm/bin/../lib/gcc/arm-none-eabi/10.2.0/../../../../arm-none-eabi/lib/thumb\libg.a(lib_a-fopen.o)
                0x00000000020136e0                _fopen_r
 .text.fopen    0x0000000002013798       0x18 c:/devkitpro/devkitarm/bin/../lib/gcc/arm-none-eabi/10.2.0/../../../../arm-none-eabi/lib/thumb\libg.a(lib_a-fopen.o)
                0x0000000002013798                fopen
 .text._fread_r
                0x00000000020137b0      0x1f0 c:/devkitpro/devkitarm/bin/../lib/gcc/arm-none-eabi/10.2.0/../../../../arm-none-eabi/lib/thumb\libg.a(lib_a-fread.o)
                0x00000000020137b0                _fread_r
 .text.fread    0x00000000020139a0       0x24 c:/devkitpro/devkitarm/bin/../lib/gcc/arm-none-eabi/10.2.0/../../../../arm-none-eabi/lib/thumb\libg.a(lib_a-fread.o)
                0x00000000020139a0                fread
 .text._malloc_trim_r
                0x00000000020139c4       0xa0 c:/devkitpro/devkitarm/bin/../lib/gcc/arm-none-eabi/10.2.0/../../../../arm-none-eabi/lib/thumb\libg.a(lib_a-freer.o)
                0x00000000020139c4                _malloc_trim_r
 .text._free_r  0x0000000002013a64      0x1e0 c:/devkitpro/devkitarm/bin/../lib/gcc/arm-none-eabi/10.2.0/../../../../arm-none-eabi/lib/thumb\libg.a(lib_a-freer.o)
                0x0000000002013a64                _free_r
 .text._fseek_r
                0x0000000002013c44       0x18 c:/devkitpro/devkitarm/bin/../lib/gcc/arm-none-eabi/10.2.0/../../../../arm-none-eabi/lib/thumb\libg.a(lib_a-fseek.o)
                0x0000000002013c44                _fseek_r
 .text.fseek    0x0000000002013c5c       0x24 c:/devkitpro/devkitarm/bin/../lib/gcc/arm-none-eabi/10.2.0/../../../../arm-none-eabi/lib/thumb\libg.a(lib_a-fseek.o)
                0x0000000002013c5c                fseek
 .text._fseeko_r
                0x0000000002013c80      0x39c c:/devkitpro/devkitarm/bin/../lib/gcc/arm-none-eabi/10.2.0/../../../../arm-none-eabi/lib/thumb\libg.a(lib_a-fseeko.o)
                0x0000000002013c80                _fseeko_r
 .text.ftell    0x000000000201401c       0x24 c:/devkitpro/devkitarm/bin/../lib/gcc/arm-none-eabi/10.2.0/../../../../arm-none-eabi/lib/thumb\libg.a(lib_a-ftell.o)
                0x000000000201401c                ftell
 .text._ftello_r
                0x0000000002014040      0x118 c:/devkitpro/devkitarm/bin/../lib/gcc/arm-none-eabi/10.2.0/../../../../arm-none-eabi/lib/thumb\libg.a(lib_a-ftello.o)
                0x0000000002014040                _ftello_r
 .text._fwalk   0x0000000002014158       0x48 c:/devkitpro/devkitarm/bin/../lib/gcc/arm-none-eabi/10.2.0/../../../../arm-none-eabi/lib/thumb\libg.a(lib_a-fwalk.o)
                0x0000000002014158                _fwalk
 .text._fwalk_reent
                0x00000000020141a0       0x50 c:/devkitpro/devkitarm/bin/../lib/gcc/arm-none-eabi/10.2.0/../../../../arm-none-eabi/lib/thumb\libg.a(lib_a-fwalk.o)
                0x00000000020141a0                _fwalk_reent
 .text.__libc_init_array
                0x00000000020141f0       0x50 c:/devkitpro/devkitarm/bin/../lib/gcc/arm-none-eabi/10.2.0/../../../../arm-none-eabi/lib/thumb\libg.a(lib_a-init.o)
                0x00000000020141f0                __libc_init_array
 .text.iprintf  0x0000000002014240       0x24 c:/devkitpro/devkitarm/bin/../lib/gcc/arm-none-eabi/10.2.0/../../../../arm-none-eabi/lib/thumb\libg.a(lib_a-iprintf.o)
                0x0000000002014240                iprintf
 .text.localtime_r
                0x0000000002014264      0x244 c:/devkitpro/devkitarm/bin/../lib/gcc/arm-none-eabi/10.2.0/../../../../arm-none-eabi/lib/thumb\libg.a(lib_a-lcltime_r.o)
                0x0000000002014264                localtime_r
 .text.__locale_mb_cur_max
                0x00000000020144a8       0x10 c:/devkitpro/devkitarm/bin/../lib/gcc/arm-none-eabi/10.2.0/../../../../arm-none-eabi/lib/thumb\libg.a(lib_a-locale.o)
                0x00000000020144a8                __locale_mb_cur_max
 .text.__smakebuf_r
                0x00000000020144b8       0xec c:/devkitpro/devkitarm/bin/../lib/gcc/arm-none-eabi/10.2.0/../../../../arm-none-eabi/lib/thumb\libg.a(lib_a-makebuf.o)
                0x00000000020144b8                __smakebuf_r
 .text.__swhatbuf_r
                0x00000000020145a4       0x64 c:/devkitpro/devkitarm/bin/../lib/gcc/arm-none-eabi/10.2.0/../../../../arm-none-eabi/lib/thumb\libg.a(lib_a-makebuf.o)
                0x00000000020145a4                __swhatbuf_r
 .text.malloc   0x0000000002014608       0x14 c:/devkitpro/devkitarm/bin/../lib/gcc/arm-none-eabi/10.2.0/../../../../arm-none-eabi/lib/thumb\libg.a(lib_a-malloc.o)
                0x0000000002014608                malloc
 .text.free     0x000000000201461c       0x14 c:/devkitpro/devkitarm/bin/../lib/gcc/arm-none-eabi/10.2.0/../../../../arm-none-eabi/lib/thumb\libg.a(lib_a-malloc.o)
                0x000000000201461c                free
 .text._malloc_r
                0x0000000002014630      0x59c c:/devkitpro/devkitarm/bin/../lib/gcc/arm-none-eabi/10.2.0/../../../../arm-none-eabi/lib/thumb\libg.a(lib_a-mallocr.o)
                0x0000000002014630                _malloc_r
 .text._mbrtowc_r
                0x0000000002014bcc       0x60 c:/devkitpro/devkitarm/bin/../lib/gcc/arm-none-eabi/10.2.0/../../../../arm-none-eabi/lib/thumb\libg.a(lib_a-mbrtowc.o)
                0x0000000002014bcc                _mbrtowc_r
 .text.mbrtowc  0x0000000002014c2c       0x80 c:/devkitpro/devkitarm/bin/../lib/gcc/arm-none-eabi/10.2.0/../../../../arm-none-eabi/lib/thumb\libg.a(lib_a-mbrtowc.o)
                0x0000000002014c2c                mbrtowc
 .text.mbsrtowcs
                0x0000000002014cac       0x28 c:/devkitpro/devkitarm/bin/../lib/gcc/arm-none-eabi/10.2.0/../../../../arm-none-eabi/lib/thumb\libg.a(lib_a-mbsrtowcs.o)
                0x0000000002014cac                mbsrtowcs
 .text.__utf8_mbtowc
                0x0000000002014cd4      0x280 c:/devkitpro/devkitarm/bin/../lib/gcc/arm-none-eabi/10.2.0/../../../../arm-none-eabi/lib/thumb\libg.a(lib_a-mbtowc_r.o)
                0x0000000002014cd4                __utf8_mbtowc
 .text.memcmp   0x0000000002014f54       0x4c c:/devkitpro/devkitarm/bin/../lib/gcc/arm-none-eabi/10.2.0/../../../../arm-none-eabi/lib/thumb\libg.a(lib_a-memcmp.o)
                0x0000000002014f54                memcmp
 .text.memcpy   0x0000000002014fa0       0xa8 c:/devkitpro/devkitarm/bin/../lib/gcc/arm-none-eabi/10.2.0/../../../../arm-none-eabi/lib/thumb\libg.a(lib_a-memcpy-stub.o)
                0x0000000002014fa0                memcpy
 .text.memmove  0x0000000002015048       0xbc c:/devkitpro/devkitarm/bin/../lib/gcc/arm-none-eabi/10.2.0/../../../../arm-none-eabi/lib/thumb\libg.a(lib_a-memmove.o)
                0x0000000002015048                memmove
 .text.memset   0x0000000002015104       0xb0 c:/devkitpro/devkitarm/bin/../lib/gcc/arm-none-eabi/10.2.0/../../../../arm-none-eabi/lib/thumb\libg.a(lib_a-memset.o)
                0x0000000002015104                memset
 .text.validate_structure
                0x00000000020151b4      0x1e8 c:/devkitpro/devkitarm/bin/../lib/gcc/arm-none-eabi/10.2.0/../../../../arm-none-eabi/lib/thumb\libg.a(lib_a-mktime.o)
 .text.mktime   0x000000000201539c      0x450 c:/devkitpro/devkitarm/bin/../lib/gcc/arm-none-eabi/10.2.0/../../../../arm-none-eabi/lib/thumb\libg.a(lib_a-mktime.o)
                0x000000000201539c                mktime
 .text.__malloc_lock
                0x00000000020157ec       0x14 c:/devkitpro/devkitarm/bin/../lib/gcc/arm-none-eabi/10.2.0/../../../../arm-none-eabi/lib/thumb\libg.a(lib_a-mlock.o)
                0x00000000020157ec                __malloc_lock
 .text.__malloc_unlock
                0x0000000002015800       0x14 c:/devkitpro/devkitarm/bin/../lib/gcc/arm-none-eabi/10.2.0/../../../../arm-none-eabi/lib/thumb\libg.a(lib_a-mlock.o)
                0x0000000002015800                __malloc_unlock
 .text.srand    0x0000000002015814       0x18 c:/devkitpro/devkitarm/bin/../lib/gcc/arm-none-eabi/10.2.0/../../../../arm-none-eabi/lib/thumb\libg.a(lib_a-rand.o)
                0x0000000002015814                srand
 .text.rand     0x000000000201582c       0x34 c:/devkitpro/devkitarm/bin/../lib/gcc/arm-none-eabi/10.2.0/../../../../arm-none-eabi/lib/thumb\libg.a(lib_a-rand.o)
                0x000000000201582c                rand
 .text.realloc  0x0000000002015860       0x18 c:/devkitpro/devkitarm/bin/../lib/gcc/arm-none-eabi/10.2.0/../../../../arm-none-eabi/lib/thumb\libg.a(lib_a-realloc.o)
                0x0000000002015860                realloc
 .text._realloc_r
                0x0000000002015878      0x38c c:/devkitpro/devkitarm/bin/../lib/gcc/arm-none-eabi/10.2.0/../../../../arm-none-eabi/lib/thumb\libg.a(lib_a-reallocr.o)
                0x0000000002015878                _realloc_r
 .text.lflush   0x0000000002015c04       0x20 c:/devkitpro/devkitarm/bin/../lib/gcc/arm-none-eabi/10.2.0/../../../../arm-none-eabi/lib/thumb\libg.a(lib_a-refill.o)
 .text.__srefill_r
                0x0000000002015c24      0x118 c:/devkitpro/devkitarm/bin/../lib/gcc/arm-none-eabi/10.2.0/../../../../arm-none-eabi/lib/thumb\libg.a(lib_a-refill.o)
                0x0000000002015c24                __srefill_r
 .text.rewind   0x0000000002015d3c       0x20 c:/devkitpro/devkitarm/bin/../lib/gcc/arm-none-eabi/10.2.0/../../../../arm-none-eabi/lib/thumb\libg.a(lib_a-rewind.o)
                0x0000000002015d3c                rewind
 .text.setvbuf  0x0000000002015d5c      0x1ac c:/devkitpro/devkitarm/bin/../lib/gcc/arm-none-eabi/10.2.0/../../../../arm-none-eabi/lib/thumb\libg.a(lib_a-setvbuf.o)
                0x0000000002015d5c                setvbuf
 .text.siscanf  0x0000000002015f08       0x4c c:/devkitpro/devkitarm/bin/../lib/gcc/arm-none-eabi/10.2.0/../../../../arm-none-eabi/lib/thumb\libg.a(lib_a-siscanf.o)
                0x0000000002015f08                siscanf
 .text.sprintf  0x0000000002015f54       0x40 c:/devkitpro/devkitarm/bin/../lib/gcc/arm-none-eabi/10.2.0/../../../../arm-none-eabi/lib/thumb\libg.a(lib_a-sprintf.o)
                0x0000000002015f54                sprintf
 .text.__sread  0x0000000002015f94       0x34 c:/devkitpro/devkitarm/bin/../lib/gcc/arm-none-eabi/10.2.0/../../../../arm-none-eabi/lib/thumb\libg.a(lib_a-stdio.o)
                0x0000000002015f94                __sread
 .text.__seofread
                0x0000000002015fc8        0x4 c:/devkitpro/devkitarm/bin/../lib/gcc/arm-none-eabi/10.2.0/../../../../arm-none-eabi/lib/thumb\libg.a(lib_a-stdio.o)
                0x0000000002015fc8                __seofread
 .text.__swrite
                0x0000000002015fcc       0x54 c:/devkitpro/devkitarm/bin/../lib/gcc/arm-none-eabi/10.2.0/../../../../arm-none-eabi/lib/thumb\libg.a(lib_a-stdio.o)
                0x0000000002015fcc                __swrite
 .text.__sseek  0x0000000002016020       0x40 c:/devkitpro/devkitarm/bin/../lib/gcc/arm-none-eabi/10.2.0/../../../../arm-none-eabi/lib/thumb\libg.a(lib_a-stdio.o)
                0x0000000002016020                __sseek
 .text.__sclose
                0x0000000002016060       0x10 c:/devkitpro/devkitarm/bin/../lib/gcc/arm-none-eabi/10.2.0/../../../../arm-none-eabi/lib/thumb\libg.a(lib_a-stdio.o)
                0x0000000002016060                __sclose
 .text.stpcpy   0x0000000002016070       0x50 c:/devkitpro/devkitarm/bin/../lib/gcc/arm-none-eabi/10.2.0/../../../../arm-none-eabi/lib/thumb\libg.a(lib_a-stpcpy.o)
                0x0000000002016070                stpcpy
 .text.strcasecmp
                0x00000000020160c0       0x48 c:/devkitpro/devkitarm/bin/../lib/gcc/arm-none-eabi/10.2.0/../../../../arm-none-eabi/lib/thumb\libg.a(lib_a-strcasecmp.o)
                0x00000000020160c0                strcasecmp
 .text.strchr   0x0000000002016108       0xc8 c:/devkitpro/devkitarm/bin/../lib/gcc/arm-none-eabi/10.2.0/../../../../arm-none-eabi/lib/thumb\libg.a(lib_a-strchr.o)
                0x0000000002016108                strchr
 .text.strcpy   0x00000000020161d0       0x10 c:/devkitpro/devkitarm/bin/../lib/gcc/arm-none-eabi/10.2.0/../../../../arm-none-eabi/lib/thumb\libg.a(lib_a-strcpy.o)
                0x00000000020161d0                strcpy
 .text.strdup   0x00000000020161e0       0x14 c:/devkitpro/devkitarm/bin/../lib/gcc/arm-none-eabi/10.2.0/../../../../arm-none-eabi/lib/thumb\libg.a(lib_a-strdup.o)
                0x00000000020161e0                strdup
 .text._strdup_r
                0x00000000020161f4       0x2c c:/devkitpro/devkitarm/bin/../lib/gcc/arm-none-eabi/10.2.0/../../../../arm-none-eabi/lib/thumb\libg.a(lib_a-strdup_r.o)
                0x00000000020161f4                _strdup_r
 .text.strlen   0x0000000002016220       0x60 c:/devkitpro/devkitarm/bin/../lib/gcc/arm-none-eabi/10.2.0/../../../../arm-none-eabi/lib/thumb\libg.a(lib_a-strlen-stub.o)
                0x0000000002016220                strlen
 .text.strncasecmp
                0x0000000002016280       0x54 c:/devkitpro/devkitarm/bin/../lib/gcc/arm-none-eabi/10.2.0/../../../../arm-none-eabi/lib/thumb\libg.a(lib_a-strncasecmp.o)
                0x0000000002016280                strncasecmp
 .text.strncmp  0x00000000020162d4       0x78 c:/devkitpro/devkitarm/bin/../lib/gcc/arm-none-eabi/10.2.0/../../../../arm-none-eabi/lib/thumb\libg.a(lib_a-strncmp.o)
                0x00000000020162d4                strncmp
 .text.strncpy  0x000000000201634c       0x74 c:/devkitpro/devkitarm/bin/../lib/gcc/arm-none-eabi/10.2.0/../../../../arm-none-eabi/lib/thumb\libg.a(lib_a-strncpy.o)
                0x000000000201634c                strncpy
 .text.strnlen  0x00000000020163c0       0x28 c:/devkitpro/devkitarm/bin/../lib/gcc/arm-none-eabi/10.2.0/../../../../arm-none-eabi/lib/thumb\libg.a(lib_a-strnlen.o)
                0x00000000020163c0                strnlen
 .text.strpbrk  0x00000000020163e8       0x40 c:/devkitpro/devkitarm/bin/../lib/gcc/arm-none-eabi/10.2.0/../../../../arm-none-eabi/lib/thumb\libg.a(lib_a-strpbrk.o)
                0x00000000020163e8                strpbrk
 .text.strrchr  0x0000000002016428       0x2c c:/devkitpro/devkitarm/bin/../lib/gcc/arm-none-eabi/10.2.0/../../../../arm-none-eabi/lib/thumb\libg.a(lib_a-strrchr.o)
                0x0000000002016428                strrchr
 .text._strtol_l.part.0
                0x0000000002016454      0x150 c:/devkitpro/devkitarm/bin/../lib/gcc/arm-none-eabi/10.2.0/../../../../arm-none-eabi/lib/thumb\libg.a(lib_a-strtol.o)
 .text._strtol_r
                0x00000000020165a4       0x20 c:/devkitpro/devkitarm/bin/../lib/gcc/arm-none-eabi/10.2.0/../../../../arm-none-eabi/lib/thumb\libg.a(lib_a-strtol.o)
                0x00000000020165a4                _strtol_r
 .text.get_arg  0x00000000020165c4       0x32 c:/devkitpro/devkitarm/bin/../lib/gcc/arm-none-eabi/10.2.0/../../../../arm-none-eabi/lib/thumb\libg.a(lib_a-svfiscanf.o)
 .text._sungetc_r
                0x00000000020165f6       0x7e c:/devkitpro/devkitarm/bin/../lib/gcc/arm-none-eabi/10.2.0/../../../../arm-none-eabi/lib/thumb\libg.a(lib_a-svfiscanf.o)
                0x00000000020165f6                _sungetc_r
 .text.__ssrefill_r
                0x0000000002016674       0x42 c:/devkitpro/devkitarm/bin/../lib/gcc/arm-none-eabi/10.2.0/../../../../arm-none-eabi/lib/thumb\libg.a(lib_a-svfiscanf.o)
                0x0000000002016674                __ssrefill_r
 .text._sfread_r
                0x00000000020166b6       0x8a c:/devkitpro/devkitarm/bin/../lib/gcc/arm-none-eabi/10.2.0/../../../../arm-none-eabi/lib/thumb\libg.a(lib_a-svfiscanf.o)
                0x00000000020166b6                _sfread_r
 .text.__ssvfiscanf_r
                0x0000000002016740     0x1b6c c:/devkitpro/devkitarm/bin/../lib/gcc/arm-none-eabi/10.2.0/../../../../arm-none-eabi/lib/thumb\libg.a(lib_a-svfiscanf.o)
                0x0000000002016740                __ssvfiscanf_r
 .text.get_arg  0x00000000020182ac      0x3f0 c:/devkitpro/devkitarm/bin/../lib/gcc/arm-none-eabi/10.2.0/../../../../arm-none-eabi/lib/thumb\libg.a(lib_a-svfprintf.o)
 .text._svfprintf_r
                0x000000000201869c     0x2498 c:/devkitpro/devkitarm/bin/../lib/gcc/arm-none-eabi/10.2.0/../../../../arm-none-eabi/lib/thumb\libg.a(lib_a-svfprintf.o)
                0x000000000201869c                _svfprintf_r
 .text.lseek    0x000000000201ab34       0x24 c:/devkitpro/devkitarm/bin/../lib/gcc/arm-none-eabi/10.2.0/../../../../arm-none-eabi/lib/thumb\libg.a(lib_a-syslseek.o)
                0x000000000201ab34                lseek
 .text.open     0x000000000201ab58       0x28 c:/devkitpro/devkitarm/bin/../lib/gcc/arm-none-eabi/10.2.0/../../../../arm-none-eabi/lib/thumb\libg.a(lib_a-sysopen.o)
                0x000000000201ab58                open
 .text.read     0x000000000201ab80       0x1c c:/devkitpro/devkitarm/bin/../lib/gcc/arm-none-eabi/10.2.0/../../../../arm-none-eabi/lib/thumb\libg.a(lib_a-sysread.o)
                0x000000000201ab80                read
 .text.time     0x000000000201ab9c       0x34 c:/devkitpro/devkitarm/bin/../lib/gcc/arm-none-eabi/10.2.0/../../../../arm-none-eabi/lib/thumb\libg.a(lib_a-time.o)
                0x000000000201ab9c                time
 .text.towlower
                0x000000000201abd0       0x10 c:/devkitpro/devkitarm/bin/../lib/gcc/arm-none-eabi/10.2.0/../../../../arm-none-eabi/lib/thumb\libg.a(lib_a-towlower.o)
                0x000000000201abd0                towlower
 .text.towupper
                0x000000000201abe0       0x10 c:/devkitpro/devkitarm/bin/../lib/gcc/arm-none-eabi/10.2.0/../../../../arm-none-eabi/lib/thumb\libg.a(lib_a-towupper.o)
                0x000000000201abe0                towupper
 .text.__tzcalc_limits
                0x000000000201abf0      0x1a8 c:/devkitpro/devkitarm/bin/../lib/gcc/arm-none-eabi/10.2.0/../../../../arm-none-eabi/lib/thumb\libg.a(lib_a-tzcalc_limits.o)
                0x000000000201abf0                __tzcalc_limits
 .text.__tz_lock
                0x000000000201ad98       0x14 c:/devkitpro/devkitarm/bin/../lib/gcc/arm-none-eabi/10.2.0/../../../../arm-none-eabi/lib/thumb\libg.a(lib_a-tzlock.o)
                0x000000000201ad98                __tz_lock
 .text.__tz_unlock
                0x000000000201adac       0x14 c:/devkitpro/devkitarm/bin/../lib/gcc/arm-none-eabi/10.2.0/../../../../arm-none-eabi/lib/thumb\libg.a(lib_a-tzlock.o)
                0x000000000201adac                __tz_unlock
 .text._tzset_unlocked
                0x000000000201adc0       0x10 c:/devkitpro/devkitarm/bin/../lib/gcc/arm-none-eabi/10.2.0/../../../../arm-none-eabi/lib/thumb\libg.a(lib_a-tzset.o)
                0x000000000201adc0                _tzset_unlocked
 .text._tzset_unlocked_r
                0x000000000201add0      0x360 c:/devkitpro/devkitarm/bin/../lib/gcc/arm-none-eabi/10.2.0/../../../../arm-none-eabi/lib/thumb\libg.a(lib_a-tzset_r.o)
                0x000000000201add0                _tzset_unlocked_r
 .text.__submore
                0x000000000201b130       0x88 c:/devkitpro/devkitarm/bin/../lib/gcc/arm-none-eabi/10.2.0/../../../../arm-none-eabi/lib/thumb\libg.a(lib_a-ungetc.o)
                0x000000000201b130                __submore
 .text.get_arg  0x000000000201b1b8      0x3f0 c:/devkitpro/devkitarm/bin/../lib/gcc/arm-none-eabi/10.2.0/../../../../arm-none-eabi/lib/thumb\libg.a(lib_a-vfiprintf.o)
 .text.__sprint_r
                0x000000000201b5a8       0x20 c:/devkitpro/devkitarm/bin/../lib/gcc/arm-none-eabi/10.2.0/../../../../arm-none-eabi/lib/thumb\libg.a(lib_a-vfiprintf.o)
                0x000000000201b5a8                __sprint_r
 .text._vfiprintf_r
                0x000000000201b5c8     0x1800 c:/devkitpro/devkitarm/bin/../lib/gcc/arm-none-eabi/10.2.0/../../../../arm-none-eabi/lib/thumb\libg.a(lib_a-vfiprintf.o)
                0x000000000201b5c8                _vfiprintf_r
 .text.__sbprintf
                0x000000000201cdc8       0x8c c:/devkitpro/devkitarm/bin/../lib/gcc/arm-none-eabi/10.2.0/../../../../arm-none-eabi/lib/thumb\libg.a(lib_a-vfiprintf.o)
 .text._wcrtomb_r
                0x000000000201ce54       0x5c c:/devkitpro/devkitarm/bin/../lib/gcc/arm-none-eabi/10.2.0/../../../../arm-none-eabi/lib/thumb\libg.a(lib_a-wcrtomb.o)
                0x000000000201ce54                _wcrtomb_r
 .text.wcrtomb  0x000000000201ceb0       0x74 c:/devkitpro/devkitarm/bin/../lib/gcc/arm-none-eabi/10.2.0/../../../../arm-none-eabi/lib/thumb\libg.a(lib_a-wcrtomb.o)
                0x000000000201ceb0                wcrtomb
 .text._wcsrtombs_r
                0x000000000201cf24       0x1c c:/devkitpro/devkitarm/bin/../lib/gcc/arm-none-eabi/10.2.0/../../../../arm-none-eabi/lib/thumb\libg.a(lib_a-wcsrtombs.o)
                0x000000000201cf24                _wcsrtombs_r
 .text.wctob    0x000000000201cf40       0x48 c:/devkitpro/devkitarm/bin/../lib/gcc/arm-none-eabi/10.2.0/../../../../arm-none-eabi/lib/thumb\libg.a(lib_a-wctob.o)
                0x000000000201cf40                wctob
 .text.__utf8_wctomb
                0x000000000201cf88       0xb4 c:/devkitpro/devkitarm/bin/../lib/gcc/arm-none-eabi/10.2.0/../../../../arm-none-eabi/lib/thumb\libg.a(lib_a-wctomb_r.o)
                0x000000000201cf88                __utf8_wctomb
 .text.__swsetup_r
                0x000000000201d03c       0xe4 c:/devkitpro/devkitarm/bin/../lib/gcc/arm-none-eabi/10.2.0/../../../../arm-none-eabi/lib/thumb\libg.a(lib_a-wsetup.o)
                0x000000000201d03c                __swsetup_r
 .text.div      0x000000000201d120       0x34 c:/devkitpro/devkitarm/bin/../lib/gcc/arm-none-eabi/10.2.0/../../../../arm-none-eabi/lib/thumb\libg.a(lib_a-div.o)
                0x000000000201d120                div
 .text.quorem   0x000000000201d154      0x14c c:/devkitpro/devkitarm/bin/../lib/gcc/arm-none-eabi/10.2.0/../../../../arm-none-eabi/lib/thumb\libg.a(lib_a-dtoa.o)
 .text._dtoa_r  0x000000000201d2a0      0xff0 c:/devkitpro/devkitarm/bin/../lib/gcc/arm-none-eabi/10.2.0/../../../../arm-none-eabi/lib/thumb\libg.a(lib_a-dtoa.o)
                0x000000000201d2a0                _dtoa_r
 .text.__errno  0x000000000201e290        0xc c:/devkitpro/devkitarm/bin/../lib/gcc/arm-none-eabi/10.2.0/../../../../arm-none-eabi/lib/thumb\libg.a(lib_a-errno.o)
                0x000000000201e290                __errno
 .text.__sflags
                0x000000000201e29c       0xa4 c:/devkitpro/devkitarm/bin/../lib/gcc/arm-none-eabi/10.2.0/../../../../arm-none-eabi/lib/thumb\libg.a(lib_a-flags.o)
                0x000000000201e29c                __sflags
 .text.__sfvwrite_r
                0x000000000201e340      0x324 c:/devkitpro/devkitarm/bin/../lib/gcc/arm-none-eabi/10.2.0/../../../../arm-none-eabi/lib/thumb\libg.a(lib_a-fvwrite.o)
                0x000000000201e340                __sfvwrite_r
 .text._findenv_r
                0x000000000201e664       0x94 c:/devkitpro/devkitarm/bin/../lib/gcc/arm-none-eabi/10.2.0/../../../../arm-none-eabi/lib/thumb\libg.a(lib_a-getenv_r.o)
                0x000000000201e664                _findenv_r
 .text._getenv_r
                0x000000000201e6f8       0x10 c:/devkitpro/devkitarm/bin/../lib/gcc/arm-none-eabi/10.2.0/../../../../arm-none-eabi/lib/thumb\libg.a(lib_a-getenv_r.o)
                0x000000000201e6f8                _getenv_r
 .text.__gettzinfo
                0x000000000201e708        0x8 c:/devkitpro/devkitarm/bin/../lib/gcc/arm-none-eabi/10.2.0/../../../../arm-none-eabi/lib/thumb\libg.a(lib_a-gettzinfo.o)
                0x000000000201e708                __gettzinfo
 .text.gmtime_r
                0x000000000201e710      0x1d8 c:/devkitpro/devkitarm/bin/../lib/gcc/arm-none-eabi/10.2.0/../../../../arm-none-eabi/lib/thumb\libg.a(lib_a-gmtime_r.o)
                0x000000000201e710                gmtime_r
 .text.iswspace
                0x000000000201e8e8       0x10 c:/devkitpro/devkitarm/bin/../lib/gcc/arm-none-eabi/10.2.0/../../../../arm-none-eabi/lib/thumb\libg.a(lib_a-iswspace.o)
                0x000000000201e8e8                iswspace
 .text._localeconv_r
                0x000000000201e8f8        0x8 c:/devkitpro/devkitarm/bin/../lib/gcc/arm-none-eabi/10.2.0/../../../../arm-none-eabi/lib/thumb\libg.a(lib_a-localeconv.o)
                0x000000000201e8f8                _localeconv_r
 .text._mbsnrtowcs_r
                0x000000000201e900       0xc0 c:/devkitpro/devkitarm/bin/../lib/gcc/arm-none-eabi/10.2.0/../../../../arm-none-eabi/lib/thumb\libg.a(lib_a-mbsnrtowcs.o)
                0x000000000201e900                _mbsnrtowcs_r
 .text.memchr   0x000000000201e9c0       0x78 c:/devkitpro/devkitarm/bin/../lib/gcc/arm-none-eabi/10.2.0/../../../../arm-none-eabi/lib/thumb\libg.a(lib_a-memchr-stub.o)
                0x000000000201e9c0                memchr
 .text._Balloc  0x000000000201ea38       0x54 c:/devkitpro/devkitarm/bin/../lib/gcc/arm-none-eabi/10.2.0/../../../../arm-none-eabi/lib/thumb\libg.a(lib_a-mprec.o)
                0x000000000201ea38                _Balloc
 .text._Bfree   0x000000000201ea8c       0x14 c:/devkitpro/devkitarm/bin/../lib/gcc/arm-none-eabi/10.2.0/../../../../arm-none-eabi/lib/thumb\libg.a(lib_a-mprec.o)
                0x000000000201ea8c                _Bfree
 .text.__multadd
                0x000000000201eaa0       0xac c:/devkitpro/devkitarm/bin/../lib/gcc/arm-none-eabi/10.2.0/../../../../arm-none-eabi/lib/thumb\libg.a(lib_a-mprec.o)
                0x000000000201eaa0                __multadd
 .text.__hi0bits
                0x000000000201eb4c       0x38 c:/devkitpro/devkitarm/bin/../lib/gcc/arm-none-eabi/10.2.0/../../../../arm-none-eabi/lib/thumb\libg.a(lib_a-mprec.o)
                0x000000000201eb4c                __hi0bits
 .text.__lo0bits
                0x000000000201eb84       0x5c c:/devkitpro/devkitarm/bin/../lib/gcc/arm-none-eabi/10.2.0/../../../../arm-none-eabi/lib/thumb\libg.a(lib_a-mprec.o)
                0x000000000201eb84                __lo0bits
 .text.__i2b    0x000000000201ebe0       0x64 c:/devkitpro/devkitarm/bin/../lib/gcc/arm-none-eabi/10.2.0/../../../../arm-none-eabi/lib/thumb\libg.a(lib_a-mprec.o)
                0x000000000201ebe0                __i2b
 .text.__multiply
                0x000000000201ec44      0x1a8 c:/devkitpro/devkitarm/bin/../lib/gcc/arm-none-eabi/10.2.0/../../../../arm-none-eabi/lib/thumb\libg.a(lib_a-mprec.o)
                0x000000000201ec44                __multiply
 .text.__pow5mult
                0x000000000201edec       0xdc c:/devkitpro/devkitarm/bin/../lib/gcc/arm-none-eabi/10.2.0/../../../../arm-none-eabi/lib/thumb\libg.a(lib_a-mprec.o)
                0x000000000201edec                __pow5mult
 .text.__lshift
                0x000000000201eec8      0x100 c:/devkitpro/devkitarm/bin/../lib/gcc/arm-none-eabi/10.2.0/../../../../arm-none-eabi/lib/thumb\libg.a(lib_a-mprec.o)
                0x000000000201eec8                __lshift
 .text.__mcmp   0x000000000201efc8       0x38 c:/devkitpro/devkitarm/bin/../lib/gcc/arm-none-eabi/10.2.0/../../../../arm-none-eabi/lib/thumb\libg.a(lib_a-mprec.o)
                0x000000000201efc8                __mcmp
 .text.__mdiff  0x000000000201f000      0x190 c:/devkitpro/devkitarm/bin/../lib/gcc/arm-none-eabi/10.2.0/../../../../arm-none-eabi/lib/thumb\libg.a(lib_a-mprec.o)
                0x000000000201f000                __mdiff
 .text.__d2b    0x000000000201f190       0xdc c:/devkitpro/devkitarm/bin/../lib/gcc/arm-none-eabi/10.2.0/../../../../arm-none-eabi/lib/thumb\libg.a(lib_a-mprec.o)
                0x000000000201f190                __d2b
 .text.__sccl   0x000000000201f26c       0x90 c:/devkitpro/devkitarm/bin/../lib/gcc/arm-none-eabi/10.2.0/../../../../arm-none-eabi/lib/thumb\libg.a(lib_a-sccl.o)
                0x000000000201f26c                __sccl
 .text.frexp    0x000000000201f2fc       0x68 c:/devkitpro/devkitarm/bin/../lib/gcc/arm-none-eabi/10.2.0/../../../../arm-none-eabi/lib/thumb\libg.a(lib_a-s_frexp.o)
                0x000000000201f2fc                frexp
 .text._strtoll_l.constprop.0
                0x000000000201f364      0x1ac c:/devkitpro/devkitarm/bin/../lib/gcc/arm-none-eabi/10.2.0/../../../../arm-none-eabi/lib/thumb\libg.a(lib_a-strtoll.o)
 .text._strtoll_r
                0x000000000201f510        0xc c:/devkitpro/devkitarm/bin/../lib/gcc/arm-none-eabi/10.2.0/../../../../arm-none-eabi/lib/thumb\libg.a(lib_a-strtoll.o)
                0x000000000201f510                _strtoll_r
 .text._strtoull_l.constprop.0
                0x000000000201f51c      0x1c8 c:/devkitpro/devkitarm/bin/../lib/gcc/arm-none-eabi/10.2.0/../../../../arm-none-eabi/lib/thumb\libg.a(lib_a-strtoull.o)
 .text._strtoull_r
                0x000000000201f6e4        0xc c:/devkitpro/devkitarm/bin/../lib/gcc/arm-none-eabi/10.2.0/../../../../arm-none-eabi/lib/thumb\libg.a(lib_a-strtoull.o)
                0x000000000201f6e4                _strtoull_r
 .text._strtoul_l.constprop.0
                0x000000000201f6f0      0x148 c:/devkitpro/devkitarm/bin/../lib/gcc/arm-none-eabi/10.2.0/../../../../arm-none-eabi/lib/thumb\libg.a(lib_a-strtoul.o)
 .text._strtoul_r
                0x000000000201f838        0xc c:/devkitpro/devkitarm/bin/../lib/gcc/arm-none-eabi/10.2.0/../../../../arm-none-eabi/lib/thumb\libg.a(lib_a-strtoul.o)
                0x000000000201f838                _strtoul_r
 .text.strtoul  0x000000000201f844       0x1c c:/devkitpro/devkitarm/bin/../lib/gcc/arm-none-eabi/10.2.0/../../../../arm-none-eabi/lib/thumb\libg.a(lib_a-strtoul.o)
                0x000000000201f844                strtoul
 .text.__ssprint_r
                0x000000000201f860      0x124 c:/devkitpro/devkitarm/bin/../lib/gcc/arm-none-eabi/10.2.0/../../../../arm-none-eabi/lib/thumb\libg.a(lib_a-svfiprintf.o)
                0x000000000201f860                __ssprint_r
 .text.towctrans
                0x000000000201f984       0x28 c:/devkitpro/devkitarm/bin/../lib/gcc/arm-none-eabi/10.2.0/../../../../arm-none-eabi/lib/thumb\libg.a(lib_a-towctrans.o)
                0x000000000201f984                towctrans
 .text._wcsnrtombs_l
                0x000000000201f9ac      0x138 c:/devkitpro/devkitarm/bin/../lib/gcc/arm-none-eabi/10.2.0/../../../../arm-none-eabi/lib/thumb\libg.a(lib_a-wcsnrtombs.o)
                0x000000000201f9ac                _wcsnrtombs_l
 .text._wcsnrtombs_r
                0x000000000201fae4       0x30 c:/devkitpro/devkitarm/bin/../lib/gcc/arm-none-eabi/10.2.0/../../../../arm-none-eabi/lib/thumb\libg.a(lib_a-wcsnrtombs.o)
                0x000000000201fae4                _wcsnrtombs_r
 .text.__assert_func
                0x000000000201fb14       0x40 c:/devkitpro/devkitarm/bin/../lib/gcc/arm-none-eabi/10.2.0/../../../../arm-none-eabi/lib/thumb\libg.a(lib_a-assert.o)
                0x000000000201fb14                __assert_func
 .text.__env_lock
                0x000000000201fb54       0x14 c:/devkitpro/devkitarm/bin/../lib/gcc/arm-none-eabi/10.2.0/../../../../arm-none-eabi/lib/thumb\libg.a(lib_a-envlock.o)
                0x000000000201fb54                __env_lock
 .text.__env_unlock
                0x000000000201fb68       0x14 c:/devkitpro/devkitarm/bin/../lib/gcc/arm-none-eabi/10.2.0/../../../../arm-none-eabi/lib/thumb\libg.a(lib_a-envlock.o)
                0x000000000201fb68                __env_unlock
 .text.fiprintf
                0x000000000201fb7c       0x28 c:/devkitpro/devkitarm/bin/../lib/gcc/arm-none-eabi/10.2.0/../../../../arm-none-eabi/lib/thumb\libg.a(lib_a-fiprintf.o)
                0x000000000201fb7c                fiprintf
 .text.iswspace_l
                0x000000000201fba4       0x2c c:/devkitpro/devkitarm/bin/../lib/gcc/arm-none-eabi/10.2.0/../../../../arm-none-eabi/lib/thumb\libg.a(lib_a-iswspace_l.o)
                0x000000000201fba4                iswspace_l
 .text.__jp2uc  0x000000000201fbd0      0x164 c:/devkitpro/devkitarm/bin/../lib/gcc/arm-none-eabi/10.2.0/../../../../arm-none-eabi/lib/thumb\libg.a(lib_a-jp2uc.o)
 .text._jp2uc_l
                0x000000000201fd34       0x6c c:/devkitpro/devkitarm/bin/../lib/gcc/arm-none-eabi/10.2.0/../../../../arm-none-eabi/lib/thumb\libg.a(lib_a-jp2uc.o)
                0x000000000201fd34                _jp2uc_l
 .text._uc2jp_l
                0x000000000201fda0       0x4c c:/devkitpro/devkitarm/bin/../lib/gcc/arm-none-eabi/10.2.0/../../../../arm-none-eabi/lib/thumb\libg.a(lib_a-jp2uc.o)
                0x000000000201fda0                _uc2jp_l
 .text.towctrans_l
                0x000000000201fdec      0x1b4 c:/devkitpro/devkitarm/bin/../lib/gcc/arm-none-eabi/10.2.0/../../../../arm-none-eabi/lib/thumb\libg.a(lib_a-towctrans_l.o)
                0x000000000201fdec                towctrans_l
 .text.abort    0x000000000201ffa0       0x10 c:/devkitpro/devkitarm/bin/../lib/gcc/arm-none-eabi/10.2.0/../../../../arm-none-eabi/lib/thumb\libg.a(lib_a-abort.o)
                0x000000000201ffa0                abort
 .text.category
                0x000000000201ffb0       0x54 c:/devkitpro/devkitarm/bin/../lib/gcc/arm-none-eabi/10.2.0/../../../../arm-none-eabi/lib/thumb\libg.a(lib_a-categories.o)
                0x000000000201ffb0                category
 .text._raise_r
                0x0000000002020004       0x64 c:/devkitpro/devkitarm/bin/../lib/gcc/arm-none-eabi/10.2.0/../../../../arm-none-eabi/lib/thumb\libg.a(lib_a-signal.o)
                0x0000000002020004                _raise_r
 .text.raise    0x0000000002020068       0x14 c:/devkitpro/devkitarm/bin/../lib/gcc/arm-none-eabi/10.2.0/../../../../arm-none-eabi/lib/thumb\libg.a(lib_a-signal.o)
                0x0000000002020068                raise
 .text.null_write
                0x000000000202007c        0x4 c:/devkitpro/devkitarm/bin/../lib/gcc/arm-none-eabi/10.2.0/../../../../arm-none-eabi/lib/thumb\libsysbase.a(iosupport.o)
 .text.setDefaultDevice
                0x0000000002020080       0x10 c:/devkitpro/devkitarm/bin/../lib/gcc/arm-none-eabi/10.2.0/../../../../arm-none-eabi/lib/thumb\libsysbase.a(iosupport.o)
                0x0000000002020080                setDefaultDevice
 .text.FindDevice
                0x0000000002020090       0x98 c:/devkitpro/devkitarm/bin/../lib/gcc/arm-none-eabi/10.2.0/../../../../arm-none-eabi/lib/thumb\libsysbase.a(iosupport.o)
                0x0000000002020090                FindDevice
 .text.AddDevice
                0x0000000002020128       0x78 c:/devkitpro/devkitarm/bin/../lib/gcc/arm-none-eabi/10.2.0/../../../../arm-none-eabi/lib/thumb\libsysbase.a(iosupport.o)
                0x0000000002020128                AddDevice
 .text.GetDeviceOpTab
                0x00000000020201a0       0x20 c:/devkitpro/devkitarm/bin/../lib/gcc/arm-none-eabi/10.2.0/../../../../arm-none-eabi/lib/thumb\libsysbase.a(iosupport.o)
                0x00000000020201a0                GetDeviceOpTab
 .text._fstat_r
                0x00000000020201c0       0x4c c:/devkitpro/devkitarm/bin/../lib/gcc/arm-none-eabi/10.2.0/../../../../arm-none-eabi/lib/thumb\libsysbase.a(fstat.o)
                0x00000000020201c0                _fstat_r
 .text._getpid_r
                0x000000000202020c        0xc c:/devkitpro/devkitarm/bin/../lib/gcc/arm-none-eabi/10.2.0/../../../../arm-none-eabi/lib/thumb\libsysbase.a(getpid.o)
                0x000000000202020c                _getpid_r
 .text._gettimeofday_r
                0x0000000002020218       0x28 c:/devkitpro/devkitarm/bin/../lib/gcc/arm-none-eabi/10.2.0/../../../../arm-none-eabi/lib/thumb\libsysbase.a(gettod.o)
                0x0000000002020218                _gettimeofday_r
 .text._isatty_r
                0x0000000002020240        0x4 c:/devkitpro/devkitarm/bin/../lib/gcc/arm-none-eabi/10.2.0/../../../../arm-none-eabi/lib/thumb\libsysbase.a(isatty.o)
                0x0000000002020240                _isatty_r
 .text._kill_r  0x0000000002020244        0xc c:/devkitpro/devkitarm/bin/../lib/gcc/arm-none-eabi/10.2.0/../../../../arm-none-eabi/lib/thumb\libsysbase.a(kill.o)
                0x0000000002020244                _kill_r
 .text._lseek_r
                0x0000000002020250       0x5c c:/devkitpro/devkitarm/bin/../lib/gcc/arm-none-eabi/10.2.0/../../../../arm-none-eabi/lib/thumb\libsysbase.a(lseek.o)
                0x0000000002020250                _lseek_r
 .text._open_r  0x00000000020202ac       0x9c c:/devkitpro/devkitarm/bin/../lib/gcc/arm-none-eabi/10.2.0/../../../../arm-none-eabi/lib/thumb\libsysbase.a(open.o)
                0x00000000020202ac                _open_r
 .text._read_r  0x0000000002020348       0x50 c:/devkitpro/devkitarm/bin/../lib/gcc/arm-none-eabi/10.2.0/../../../../arm-none-eabi/lib/thumb\libsysbase.a(read.o)
                0x0000000002020348                _read_r
 .text._sbrk_r  0x0000000002020398       0x54 c:/devkitpro/devkitarm/bin/../lib/gcc/arm-none-eabi/10.2.0/../../../../arm-none-eabi/lib/thumb\libsysbase.a(sbrk.o)
                0x0000000002020398                _sbrk_r
 .text._write_r
                0x00000000020203ec       0x50 c:/devkitpro/devkitarm/bin/../lib/gcc/arm-none-eabi/10.2.0/../../../../arm-none-eabi/lib/thumb\libsysbase.a(write.o)
                0x00000000020203ec                _write_r
 .text._exit    0x000000000202043c       0x18 c:/devkitpro/devkitarm/bin/../lib/gcc/arm-none-eabi/10.2.0/../../../../arm-none-eabi/lib/thumb\libsysbase.a(_exit.o)
                0x000000000202043c                _exit
 .text._concatenate_path
                0x0000000002020454      0x128 c:/devkitpro/devkitarm/bin/../lib/gcc/arm-none-eabi/10.2.0/../../../../arm-none-eabi/lib/thumb\libsysbase.a(chdir.o)
                0x0000000002020454                _concatenate_path
 .text.chdir    0x000000000202057c       0xec c:/devkitpro/devkitarm/bin/../lib/gcc/arm-none-eabi/10.2.0/../../../../arm-none-eabi/lib/thumb\libsysbase.a(chdir.o)
                0x000000000202057c                chdir
 .text.getcwd   0x0000000002020668       0x60 c:/devkitpro/devkitarm/bin/../lib/gcc/arm-none-eabi/10.2.0/../../../../arm-none-eabi/lib/thumb\libsysbase.a(chdir.o)
                0x0000000002020668                getcwd
 .text.build_argv
                0x00000000020206c8       0x4c c:/devkitpro/devkitarm/bin/../lib/gcc/arm-none-eabi/10.2.0/../../../../arm-none-eabi/lib/thumb\libsysbase.a(build_argv.o)
                0x00000000020206c8                build_argv
 .text.__flockfile
                0x0000000002020714       0x10 c:/devkitpro/devkitarm/bin/../lib/gcc/arm-none-eabi/10.2.0/../../../../arm-none-eabi/lib/thumb\libsysbase.a(flock.o)
                0x0000000002020714                __flockfile
 .text.__funlockfile
                0x0000000002020724       0x10 c:/devkitpro/devkitarm/bin/../lib/gcc/arm-none-eabi/10.2.0/../../../../arm-none-eabi/lib/thumb\libsysbase.a(flock.o)
                0x0000000002020724                __funlockfile
 .text.__libc_lock_acquire
                0x0000000002020734       0x1c c:/devkitpro/devkitarm/bin/../lib/gcc/arm-none-eabi/10.2.0/../../../../arm-none-eabi/lib/thumb\libsysbase.a(syscall_support.o)
                0x0000000002020734                __libc_lock_acquire
 .text.__libc_lock_release
                0x0000000002020750       0x1c c:/devkitpro/devkitarm/bin/../lib/gcc/arm-none-eabi/10.2.0/../../../../arm-none-eabi/lib/thumb\libsysbase.a(syscall_support.o)
                0x0000000002020750                __libc_lock_release
 .text.__libc_lock_init_recursive
                0x000000000202076c       0x1c c:/devkitpro/devkitarm/bin/../lib/gcc/arm-none-eabi/10.2.0/../../../../arm-none-eabi/lib/thumb\libsysbase.a(syscall_support.o)
                0x000000000202076c                __libc_lock_init_recursive
 .text.__libc_lock_acquire_recursive
                0x0000000002020788       0x1c c:/devkitpro/devkitarm/bin/../lib/gcc/arm-none-eabi/10.2.0/../../../../arm-none-eabi/lib/thumb\libsysbase.a(syscall_support.o)
                0x0000000002020788                __libc_lock_acquire_recursive
 .text.__libc_lock_release_recursive
                0x00000000020207a4       0x1c c:/devkitpro/devkitarm/bin/../lib/gcc/arm-none-eabi/10.2.0/../../../../arm-none-eabi/lib/thumb\libsysbase.a(syscall_support.o)
                0x00000000020207a4                __libc_lock_release_recursive
 .text.__libc_lock_close_recursive
                0x00000000020207c0       0x1c c:/devkitpro/devkitarm/bin/../lib/gcc/arm-none-eabi/10.2.0/../../../../arm-none-eabi/lib/thumb\libsysbase.a(syscall_support.o)
                0x00000000020207c0                __libc_lock_close_recursive
 .text.__release_handle
                0x00000000020207dc       0x68 c:/devkitpro/devkitarm/bin/../lib/gcc/arm-none-eabi/10.2.0/../../../../arm-none-eabi/lib/thumb\libsysbase.a(handle_manager.o)
                0x00000000020207dc                __release_handle
 .text.__alloc_handle
                0x0000000002020844       0x80 c:/devkitpro/devkitarm/bin/../lib/gcc/arm-none-eabi/10.2.0/../../../../arm-none-eabi/lib/thumb\libsysbase.a(handle_manager.o)
                0x0000000002020844                __alloc_handle
 .text.__get_handle
                0x00000000020208c4       0x34 c:/devkitpro/devkitarm/bin/../lib/gcc/arm-none-eabi/10.2.0/../../../../arm-none-eabi/lib/thumb\libsysbase.a(handle_manager.o)
                0x00000000020208c4                __get_handle
 .text._close_r
                0x00000000020208f8       0xb8 c:/devkitpro/devkitarm/bin/../lib/gcc/arm-none-eabi/10.2.0/../../../../arm-none-eabi/lib/thumb\libsysbase.a(handle_manager.o)
                0x00000000020208f8                _close_r
 .text.__getreent
                0x00000000020209b0       0x28 c:/devkitpro/devkitarm/bin/../lib/gcc/arm-none-eabi/10.2.0/../../../../arm-none-eabi/lib/thumb\libsysbase.a(getreent.o)
                0x00000000020209b0                __getreent
 .text.__getreent.__stub
                0x00000000020209d8      0x148 linker stubs
 *(EXCLUDE_FILE(*.twl*) .gnu.warning)
 *(EXCLUDE_FILE(*.twl*) .gnu.linkonce.t*)
 *(.glue_7)
 .glue_7        0x0000000002020b30        0x0 linker stubs
 *(.glue_7t)
 .glue_7t       0x0000000002020b30        0x0 linker stubs
                0x0000000002020b30                . = ALIGN (0x4)

.vfp11_veneer   0x0000000002020b30        0x0
 .vfp11_veneer  0x0000000002020b30        0x0 linker stubs

.v4_bx          0x0000000002020b30        0x0
 .v4_bx         0x0000000002020b30        0x0 linker stubs

.iplt           0x0000000002020b30        0x0
 .iplt          0x0000000002020b30        0x0 c:/devkitpro/devkitarm/bin/../lib/gcc/arm-none-eabi/10.2.0/../../../../arm-none-eabi/lib/thumb/ds_arm9_crt0.o

.fini           0x0000000002020b30        0xc
 *(.fini)
 .fini          0x0000000002020b30        0x4 c:/devkitpro/devkitarm/bin/../lib/gcc/arm-none-eabi/10.2.0/thumb/crti.o
                0x0000000002020b30                _fini
 .fini          0x0000000002020b34        0x8 c:/devkitpro/devkitarm/bin/../lib/gcc/arm-none-eabi/10.2.0/thumb/crtn.o
                0x0000000002020b3c                __text_end = .

.rodata         0x0000000002020b40     0x9f20
 *(EXCLUDE_FILE(*.twl*) .rodata)
 .rodata        0x0000000002020b40       0x50 C:/devkitPro/vj1214/Proyectos/Jueguito/nflib/lib\libnflib.a(nf_basic.o)
 .rodata        0x0000000002020b90      0x170 C:/devkitPro/vj1214/Proyectos/Jueguito/nflib/lib\libnflib.a(nf_text.o)
 *all.rodata*(*)
 *(EXCLUDE_FILE(*.twl*) .roda)
 *(EXCLUDE_FILE(*.twl*) .rodata.*)
 .rodata.str1.4
                0x0000000002020d00      0x477 main.o
                                        0x47f (size before relaxing)
 *fill*         0x0000000002021177        0x1 ff
 .rodata.str1.4
                0x0000000002021178       0x27 C:/devkitPro/vj1214/Proyectos/Jueguito/nflib/lib\libnflib.a(nf_2d.o)
 *fill*         0x000000000202119f        0x1 ff
 .rodata.str1.4
                0x00000000020211a0      0x613 C:/devkitPro/vj1214/Proyectos/Jueguito/nflib/lib\libnflib.a(nf_basic.o)
                                        0x627 (size before relaxing)
 *fill*         0x00000000020217b3        0x1 ff
 .rodata.str1.4
                0x00000000020217b4       0x26 C:/devkitPro/vj1214/Proyectos/Jueguito/nflib/lib\libnflib.a(nf_sound.o)
 *fill*         0x00000000020217da        0x2 ff
 .rodata.str1.4
                0x00000000020217dc       0x6c C:/devkitPro/vj1214/Proyectos/Jueguito/nflib/lib\libnflib.a(nf_sprite256.o)
                                         0x7b (size before relaxing)
 .rodata.str1.4
                0x0000000002021848       0x15 C:/devkitPro/vj1214/Proyectos/Jueguito/nflib/lib\libnflib.a(nf_text.o)
                                         0x25 (size before relaxing)
 *fill*         0x000000000202185d        0x3 ff
 .rodata.str1.4
                0x0000000002021860       0x40 C:/devkitPro/vj1214/Proyectos/Jueguito/nflib/lib\libnflib.a(nf_tiledbg.o)
                                         0x6c (size before relaxing)
 .rodata.nitroFSInit.str1.4
                0x00000000020218a0        0x8 C:/devkitPro/libnds/lib\libfilesystem.a(nitrofs.o)
 .rodata.str1.4
                0x00000000020218a0        0xa C:/devkitPro/libnds/lib\libfilesystem.a(nitrofs.o)
                                          0xe (size before relaxing)
 *fill*         0x00000000020218aa        0x2 ff
 .rodata.fatMount.part.0.str1.4
                0x00000000020218ac        0x2 C:/devkitPro/libnds/lib\libfat.a(libfat.o)
 *fill*         0x00000000020218ae        0x2 ff
 .rodata.fatInit.str1.4
                0x00000000020218b0        0x3 C:/devkitPro/libnds/lib\libfat.a(libfat.o)
 *fill*         0x00000000020218b3        0x1 ff
 .rodata.str1.4
                0x00000000020218b4        0x4 C:/devkitPro/libnds/lib\libfat.a(libfat.o)
 .rodata.dotab_fat
                0x00000000020218b8       0x70 C:/devkitPro/libnds/lib\libfat.a(libfat.o)
 .rodata.str1.4
                0x0000000002021928        0x3 C:/devkitPro/libnds/lib\libfat.a(disc.o)
                                          0x8 (size before relaxing)
 *fill*         0x000000000202192b        0x1 ff
 .rodata._FAT_disc_interfaces
                0x000000000202192c       0x18 C:/devkitPro/libnds/lib\libfat.a(disc.o)
                0x000000000202192c                _FAT_disc_interfaces
 .rodata._FAT_directory_entryFromPath.str1.4
                0x0000000002021944        0x7 C:/devkitPro/libnds/lib\libfat.a(directory.o)
 .rodata.ILLEGAL_ALIAS_CHARACTERS
                0x0000000002021944       0x12 C:/devkitPro/libnds/lib\libfat.a(directory.o)
 *fill*         0x0000000002021956        0x2 ff
 .rodata.ILLEGAL_LFN_CHARACTERS
                0x0000000002021958        0xa C:/devkitPro/libnds/lib\libfat.a(directory.o)
 *fill*         0x0000000002021962        0x2 ff
 .rodata.LFN_offset_table
                0x0000000002021964       0x34 C:/devkitPro/libnds/lib\libfat.a(directory.o)
 .rodata.FAT_SIG
                0x0000000002021998        0x3 C:/devkitPro/libnds/lib\libfat.a(partition.o)
 *fill*         0x000000000202199b        0x1 ff
 .rodata.FS_TWL_SIG
                0x000000000202199c        0x8 C:/devkitPro/libnds/lib\libfat.a(partition.o)
 .rodata.con_write.str1.4
                0x00000000020219a4       0x30 C:/devkitPro/libnds/lib\libnds9.a(console.o)
 .rodata.con_write
                0x00000000020219d4       0xd4 C:/devkitPro/libnds/lib\libnds9.a(console.o)
 .rodata.consoleClear.str1.4
                0x0000000002021aa8        0x5 C:/devkitPro/libnds/lib\libnds9.a(console.o)
 *fill*         0x0000000002021aad        0x3 ff
 .rodata.str1.4
                0x0000000002021ab0       0x14 C:/devkitPro/libnds/lib\libnds9.a(console.o)
 .rodata.dotab_stdout
                0x0000000002021ac4       0x70 C:/devkitPro/libnds/lib\libnds9.a(console.o)
 *fill*         0x0000000002021b34        0xc ff
 .rodata.default_font_bin
                0x0000000002021b40     0x2000 C:/devkitPro/libnds/lib\libnds9.a(default_font.bin.o)
                0x0000000002021b40                default_font_bin
                0x0000000002023b40                default_font_bin_end
 .rodata.SIN_LUT
                0x0000000002023b40      0x102 C:/devkitPro/libnds/lib\libnds9.a(trig.o)
                0x0000000002023b40                SIN_LUT
 *fill*         0x0000000002023c42        0x2 ff
 .rodata._ctype_
                0x0000000002023c44      0x101 c:/devkitpro/devkitarm/bin/../lib/gcc/arm-none-eabi/10.2.0/../../../../arm-none-eabi/lib/thumb\libg.a(lib_a-ctype_.o)
                0x0000000002023c44                _ctype_
 *fill*         0x0000000002023d45        0x3 ff
 .rodata._global_impure_ptr